

================================================================
== Vivado HLS Report for 'matrix_mult'
================================================================
* Date:           Tue Oct  9 11:52:25 2018

* Version:        2018.2 (Build 2258646 on Thu Jun 14 20:25:20 MDT 2018)
* Project:        matrix_mult_prj
* Solution:       solution5
* Product family: zynq
* Target device:  xc7z020clg484-1


================================================================
== Performance Estimates
================================================================
+ Timing (ns): 
    * Summary: 
    +--------+-------+----------+------------+
    |  Clock | Target| Estimated| Uncertainty|
    +--------+-------+----------+------------+
    |ap_clk  |   5.00|     4.170|        0.62|
    +--------+-------+----------+------------+

+ Latency (clock cycles): 
    * Summary: 
    +-----+-----+-----+-----+----------+
    |  Latency  |  Interval | Pipeline |
    | min | max | min | max |   Type   |
    +-----+-----+-----+-----+----------+
    |   46|   46|   25|   25| function |
    +-----+-----+-----+-----+----------+

    + Detail: 
        * Instance: 
        N/A

        * Loop: 
        N/A



================================================================
== Utilization Estimates
================================================================
* Summary: 
+-----------------+---------+-------+--------+-------+
|       Name      | BRAM_18K| DSP48E|   FF   |  LUT  |
+-----------------+---------+-------+--------+-------+
|DSP              |        -|     75|       -|      -|
|Expression       |        -|      0|       0|   2629|
|FIFO             |        -|      -|       -|      -|
|Instance         |        8|      -|     276|    250|
|Memory           |        -|      -|       -|      -|
|Multiplexer      |        -|      -|       -|    447|
|Register         |        -|      -|    3491|      -|
+-----------------+---------+-------+--------+-------+
|Total            |        8|     75|    3767|   3326|
+-----------------+---------+-------+--------+-------+
|Available        |      280|    220|  106400|  53200|
+-----------------+---------+-------+--------+-------+
|Utilization (%)  |        2|     34|       3|      6|
+-----------------+---------+-------+--------+-------+

+ Detail: 
    * Instance: 
    +------------------------------+----------------------------+---------+-------+-----+-----+
    |           Instance           |           Module           | BRAM_18K| DSP48E|  FF | LUT |
    +------------------------------+----------------------------+---------+-------+-----+-----+
    |matrix_mult_AXILiteS_s_axi_U  |matrix_mult_AXILiteS_s_axi  |        8|      0|  276|  250|
    +------------------------------+----------------------------+---------+-------+-----+-----+
    |Total                         |                            |        8|      0|  276|  250|
    +------------------------------+----------------------------+---------+-------+-----+-----+

    * DSP48: 
    +--------------------------+----------------------+--------------+
    |         Instance         |        Module        |  Expression  |
    +--------------------------+----------------------+--------------+
    |matrix_mult_mac_mbkb_U1   |matrix_mult_mac_mbkb  | i0 + i1 * i2 |
    |matrix_mult_mac_mbkb_U2   |matrix_mult_mac_mbkb  | i0 + i1 * i2 |
    |matrix_mult_mac_mbkb_U3   |matrix_mult_mac_mbkb  | i0 + i1 * i2 |
    |matrix_mult_mac_mbkb_U4   |matrix_mult_mac_mbkb  | i0 + i1 * i2 |
    |matrix_mult_mac_mbkb_U5   |matrix_mult_mac_mbkb  | i0 + i1 * i2 |
    |matrix_mult_mac_mbkb_U6   |matrix_mult_mac_mbkb  | i0 + i1 * i2 |
    |matrix_mult_mac_mbkb_U7   |matrix_mult_mac_mbkb  | i0 + i1 * i2 |
    |matrix_mult_mac_mbkb_U8   |matrix_mult_mac_mbkb  | i0 + i1 * i2 |
    |matrix_mult_mac_mbkb_U9   |matrix_mult_mac_mbkb  | i0 + i1 * i2 |
    |matrix_mult_mac_mbkb_U10  |matrix_mult_mac_mbkb  | i0 + i1 * i2 |
    |matrix_mult_mac_mbkb_U11  |matrix_mult_mac_mbkb  | i0 + i1 * i2 |
    |matrix_mult_mac_mbkb_U12  |matrix_mult_mac_mbkb  | i0 + i1 * i2 |
    |matrix_mult_mac_mbkb_U13  |matrix_mult_mac_mbkb  | i0 + i1 * i2 |
    |matrix_mult_mac_mbkb_U14  |matrix_mult_mac_mbkb  | i0 + i1 * i2 |
    |matrix_mult_mac_mbkb_U15  |matrix_mult_mac_mbkb  | i0 + i1 * i2 |
    |matrix_mult_mac_mbkb_U16  |matrix_mult_mac_mbkb  | i0 + i1 * i2 |
    |matrix_mult_mac_mbkb_U17  |matrix_mult_mac_mbkb  | i0 + i1 * i2 |
    |matrix_mult_mac_mbkb_U18  |matrix_mult_mac_mbkb  | i0 + i1 * i2 |
    |matrix_mult_mac_mbkb_U19  |matrix_mult_mac_mbkb  | i0 + i1 * i2 |
    |matrix_mult_mac_mbkb_U20  |matrix_mult_mac_mbkb  | i0 + i1 * i2 |
    |matrix_mult_mac_mbkb_U21  |matrix_mult_mac_mbkb  | i0 + i1 * i2 |
    |matrix_mult_mac_mbkb_U22  |matrix_mult_mac_mbkb  | i0 + i1 * i2 |
    |matrix_mult_mac_mbkb_U23  |matrix_mult_mac_mbkb  | i0 + i1 * i2 |
    |matrix_mult_mac_mbkb_U24  |matrix_mult_mac_mbkb  | i0 + i1 * i2 |
    |matrix_mult_mac_mbkb_U25  |matrix_mult_mac_mbkb  | i0 + i1 * i2 |
    |matrix_mult_mac_mbkb_U26  |matrix_mult_mac_mbkb  | i0 + i1 * i2 |
    |matrix_mult_mac_mbkb_U27  |matrix_mult_mac_mbkb  | i0 + i1 * i2 |
    |matrix_mult_mac_mbkb_U28  |matrix_mult_mac_mbkb  | i0 + i1 * i2 |
    |matrix_mult_mac_mbkb_U29  |matrix_mult_mac_mbkb  | i0 + i1 * i2 |
    |matrix_mult_mac_mbkb_U30  |matrix_mult_mac_mbkb  | i0 + i1 * i2 |
    |matrix_mult_mac_mbkb_U31  |matrix_mult_mac_mbkb  | i0 + i1 * i2 |
    |matrix_mult_mac_mbkb_U32  |matrix_mult_mac_mbkb  | i0 + i1 * i2 |
    |matrix_mult_mac_mbkb_U33  |matrix_mult_mac_mbkb  | i0 + i1 * i2 |
    |matrix_mult_mac_mbkb_U34  |matrix_mult_mac_mbkb  | i0 + i1 * i2 |
    |matrix_mult_mac_mbkb_U35  |matrix_mult_mac_mbkb  | i0 + i1 * i2 |
    |matrix_mult_mac_mbkb_U36  |matrix_mult_mac_mbkb  | i0 + i1 * i2 |
    |matrix_mult_mac_mbkb_U37  |matrix_mult_mac_mbkb  | i0 + i1 * i2 |
    |matrix_mult_mac_mbkb_U38  |matrix_mult_mac_mbkb  | i0 + i1 * i2 |
    |matrix_mult_mac_mbkb_U39  |matrix_mult_mac_mbkb  | i0 + i1 * i2 |
    |matrix_mult_mac_mbkb_U40  |matrix_mult_mac_mbkb  | i0 + i1 * i2 |
    |matrix_mult_mac_mbkb_U41  |matrix_mult_mac_mbkb  | i0 + i1 * i2 |
    |matrix_mult_mac_mbkb_U42  |matrix_mult_mac_mbkb  | i0 + i1 * i2 |
    |matrix_mult_mac_mbkb_U43  |matrix_mult_mac_mbkb  | i0 + i1 * i2 |
    |matrix_mult_mac_mbkb_U44  |matrix_mult_mac_mbkb  | i0 + i1 * i2 |
    |matrix_mult_mac_mbkb_U45  |matrix_mult_mac_mbkb  | i0 + i1 * i2 |
    |matrix_mult_mac_mbkb_U46  |matrix_mult_mac_mbkb  | i0 + i1 * i2 |
    |matrix_mult_mac_mbkb_U47  |matrix_mult_mac_mbkb  | i0 + i1 * i2 |
    |matrix_mult_mac_mbkb_U48  |matrix_mult_mac_mbkb  | i0 + i1 * i2 |
    |matrix_mult_mac_mbkb_U49  |matrix_mult_mac_mbkb  | i0 + i1 * i2 |
    |matrix_mult_mac_mbkb_U50  |matrix_mult_mac_mbkb  | i0 + i1 * i2 |
    |matrix_mult_mac_mcud_U51  |matrix_mult_mac_mcud  | i0 * i1 + i2 |
    |matrix_mult_mac_mcud_U52  |matrix_mult_mac_mcud  | i0 * i1 + i2 |
    |matrix_mult_mac_mcud_U53  |matrix_mult_mac_mcud  | i0 * i1 + i2 |
    |matrix_mult_mac_mcud_U54  |matrix_mult_mac_mcud  | i0 * i1 + i2 |
    |matrix_mult_mac_mcud_U55  |matrix_mult_mac_mcud  | i0 * i1 + i2 |
    |matrix_mult_mac_mcud_U56  |matrix_mult_mac_mcud  | i0 * i1 + i2 |
    |matrix_mult_mac_mcud_U57  |matrix_mult_mac_mcud  | i0 * i1 + i2 |
    |matrix_mult_mac_mcud_U58  |matrix_mult_mac_mcud  | i0 * i1 + i2 |
    |matrix_mult_mac_mcud_U59  |matrix_mult_mac_mcud  | i0 * i1 + i2 |
    |matrix_mult_mac_mcud_U60  |matrix_mult_mac_mcud  | i0 * i1 + i2 |
    |matrix_mult_mac_mcud_U61  |matrix_mult_mac_mcud  | i0 * i1 + i2 |
    |matrix_mult_mac_mcud_U62  |matrix_mult_mac_mcud  | i0 * i1 + i2 |
    |matrix_mult_mac_mcud_U63  |matrix_mult_mac_mcud  | i0 * i1 + i2 |
    |matrix_mult_mac_mcud_U64  |matrix_mult_mac_mcud  | i0 * i1 + i2 |
    |matrix_mult_mac_mcud_U65  |matrix_mult_mac_mcud  | i0 * i1 + i2 |
    |matrix_mult_mac_mcud_U66  |matrix_mult_mac_mcud  | i0 * i1 + i2 |
    |matrix_mult_mac_mcud_U67  |matrix_mult_mac_mcud  | i0 * i1 + i2 |
    |matrix_mult_mac_mcud_U68  |matrix_mult_mac_mcud  | i0 * i1 + i2 |
    |matrix_mult_mac_mcud_U69  |matrix_mult_mac_mcud  | i0 * i1 + i2 |
    |matrix_mult_mac_mcud_U70  |matrix_mult_mac_mcud  | i0 * i1 + i2 |
    |matrix_mult_mac_mcud_U71  |matrix_mult_mac_mcud  | i0 * i1 + i2 |
    |matrix_mult_mac_mcud_U72  |matrix_mult_mac_mcud  | i0 * i1 + i2 |
    |matrix_mult_mac_mcud_U73  |matrix_mult_mac_mcud  | i0 * i1 + i2 |
    |matrix_mult_mac_mcud_U74  |matrix_mult_mac_mcud  | i0 * i1 + i2 |
    |matrix_mult_mac_mcud_U75  |matrix_mult_mac_mcud  | i0 * i1 + i2 |
    +--------------------------+----------------------+--------------+

    * Memory: 
    N/A

    * FIFO: 
    N/A

    * Expression: 
    +---------------------------+----------+-------+---+----+------------+------------+
    |       Variable Name       | Operation| DSP48E| FF| LUT| Bitwidth P0| Bitwidth P1|
    +---------------------------+----------+-------+---+----+------------+------------+
    |tmp_19_fu_548_p2           |     *    |      0|  0|  41|           8|           8|
    |tmp_7_0_0_4_fu_562_p2      |     *    |      0|  0|  41|           8|           8|
    |tmp_7_0_1_4_fu_588_p2      |     *    |      0|  0|  41|           8|           8|
    |tmp_7_0_1_fu_783_p2        |     *    |      0|  0|  41|           8|           8|
    |tmp_7_0_2_4_fu_628_p2      |     *    |      0|  0|  41|           8|           8|
    |tmp_7_0_2_fu_791_p2        |     *    |      0|  0|  41|           8|           8|
    |tmp_7_0_3_4_fu_663_p2      |     *    |      0|  0|  41|           8|           8|
    |tmp_7_0_3_fu_799_p2        |     *    |      0|  0|  41|           8|           8|
    |tmp_7_0_4_4_fu_693_p2      |     *    |      0|  0|  41|           8|           8|
    |tmp_7_0_4_fu_813_p2        |     *    |      0|  0|  41|           8|           8|
    |tmp_7_1_0_4_fu_605_p2      |     *    |      0|  0|  41|           8|           8|
    |tmp_7_1_1_4_fu_610_p2      |     *    |      0|  0|  41|           8|           8|
    |tmp_7_1_1_fu_826_p2        |     *    |      0|  0|  41|           8|           8|
    |tmp_7_1_2_4_fu_641_p2      |     *    |      0|  0|  41|           8|           8|
    |tmp_7_1_2_fu_831_p2        |     *    |      0|  0|  41|           8|           8|
    |tmp_7_1_3_4_fu_676_p2      |     *    |      0|  0|  41|           8|           8|
    |tmp_7_1_3_fu_835_p2        |     *    |      0|  0|  41|           8|           8|
    |tmp_7_1_4_4_fu_698_p2      |     *    |      0|  0|  41|           8|           8|
    |tmp_7_1_4_fu_839_p2        |     *    |      0|  0|  41|           8|           8|
    |tmp_7_1_fu_821_p2          |     *    |      0|  0|  41|           8|           8|
    |tmp_7_2_0_4_fu_650_p2      |     *    |      0|  0|  41|           8|           8|
    |tmp_7_2_1_4_fu_681_p2      |     *    |      0|  0|  41|           8|           8|
    |tmp_7_2_1_fu_854_p2        |     *    |      0|  0|  41|           8|           8|
    |tmp_7_2_2_4_fu_703_p2      |     *    |      0|  0|  41|           8|           8|
    |tmp_7_2_2_fu_859_p2        |     *    |      0|  0|  41|           8|           8|
    |tmp_7_2_3_4_fu_710_p2      |     *    |      0|  0|  41|           8|           8|
    |tmp_7_2_3_fu_867_p2        |     *    |      0|  0|  41|           8|           8|
    |tmp_7_2_4_4_fu_714_p2      |     *    |      0|  0|  41|           8|           8|
    |tmp_7_2_4_fu_871_p2        |     *    |      0|  0|  41|           8|           8|
    |tmp_7_2_fu_849_p2          |     *    |      0|  0|  41|           8|           8|
    |tmp_7_3_0_4_fu_722_p2      |     *    |      0|  0|  41|           8|           8|
    |tmp_7_3_1_4_fu_727_p2      |     *    |      0|  0|  41|           8|           8|
    |tmp_7_3_1_fu_883_p2        |     *    |      0|  0|  41|           8|           8|
    |tmp_7_3_2_4_fu_731_p2      |     *    |      0|  0|  41|           8|           8|
    |tmp_7_3_2_fu_887_p2        |     *    |      0|  0|  41|           8|           8|
    |tmp_7_3_3_4_fu_735_p2      |     *    |      0|  0|  41|           8|           8|
    |tmp_7_3_3_fu_891_p2        |     *    |      0|  0|  41|           8|           8|
    |tmp_7_3_4_4_fu_742_p2      |     *    |      0|  0|  41|           8|           8|
    |tmp_7_3_4_fu_898_p2        |     *    |      0|  0|  41|           8|           8|
    |tmp_7_3_fu_878_p2          |     *    |      0|  0|  41|           8|           8|
    |tmp_7_4_0_4_fu_749_p2      |     *    |      0|  0|  41|           8|           8|
    |tmp_7_4_1_4_fu_754_p2      |     *    |      0|  0|  41|           8|           8|
    |tmp_7_4_1_fu_910_p2        |     *    |      0|  0|  41|           8|           8|
    |tmp_7_4_2_4_fu_768_p2      |     *    |      0|  0|  41|           8|           8|
    |tmp_7_4_2_fu_927_p2        |     *    |      0|  0|  41|           8|           8|
    |tmp_7_4_3_4_fu_772_p2      |     *    |      0|  0|  41|           8|           8|
    |tmp_7_4_3_fu_931_p2        |     *    |      0|  0|  41|           8|           8|
    |tmp_7_4_4_4_fu_776_p2      |     *    |      0|  0|  41|           8|           8|
    |tmp_7_4_4_fu_935_p2        |     *    |      0|  0|  41|           8|           8|
    |tmp_7_4_fu_905_p2          |     *    |      0|  0|  41|           8|           8|
    |tmp_8_0_0_4_fu_948_p2      |     +    |      0|  0|  23|          16|          16|
    |tmp_8_0_1_4_fu_952_p2      |     +    |      0|  0|  23|          16|          16|
    |tmp_8_0_2_4_fu_956_p2      |     +    |      0|  0|  23|          16|          16|
    |tmp_8_0_3_4_fu_963_p2      |     +    |      0|  0|  23|          16|          16|
    |tmp_8_0_4_4_fu_967_p2      |     +    |      0|  0|  23|          16|          16|
    |tmp_8_1_0_4_fu_971_p2      |     +    |      0|  0|  23|          16|          16|
    |tmp_8_1_1_4_fu_975_p2      |     +    |      0|  0|  23|          16|          16|
    |tmp_8_1_2_4_fu_979_p2      |     +    |      0|  0|  23|          16|          16|
    |tmp_8_1_3_4_fu_983_p2      |     +    |      0|  0|  23|          16|          16|
    |tmp_8_1_4_4_fu_990_p2      |     +    |      0|  0|  23|          16|          16|
    |tmp_8_2_0_4_fu_994_p2      |     +    |      0|  0|  23|          16|          16|
    |tmp_8_2_1_4_fu_998_p2      |     +    |      0|  0|  23|          16|          16|
    |tmp_8_2_2_4_fu_1005_p2     |     +    |      0|  0|  23|          16|          16|
    |tmp_8_2_3_4_fu_1009_p2     |     +    |      0|  0|  23|          16|          16|
    |tmp_8_2_4_4_fu_1013_p2     |     +    |      0|  0|  23|          16|          16|
    |tmp_8_3_0_4_fu_1017_p2     |     +    |      0|  0|  23|          16|          16|
    |tmp_8_3_1_4_fu_1021_p2     |     +    |      0|  0|  23|          16|          16|
    |tmp_8_3_2_4_fu_1025_p2     |     +    |      0|  0|  23|          16|          16|
    |tmp_8_3_3_4_fu_1029_p2     |     +    |      0|  0|  23|          16|          16|
    |tmp_8_3_4_4_fu_1033_p2     |     +    |      0|  0|  23|          16|          16|
    |tmp_8_4_0_4_fu_1037_p2     |     +    |      0|  0|  23|          16|          16|
    |tmp_8_4_1_4_fu_1041_p2     |     +    |      0|  0|  23|          16|          16|
    |tmp_8_4_2_4_fu_1045_p2     |     +    |      0|  0|  23|          16|          16|
    |tmp_8_4_3_4_fu_1049_p2     |     +    |      0|  0|  23|          16|          16|
    |tmp_8_4_4_4_fu_1053_p2     |     +    |      0|  0|  23|          16|          16|
    |ap_block_pp0_stage0_11001  |    and   |      0|  0|   2|           1|           1|
    |ap_enable_pp0              |    xor   |      0|  0|   2|           1|           2|
    +---------------------------+----------+-------+---+----+------------+------------+
    |Total                      |          |      0|  0|2629|         802|         803|
    +---------------------------+----------+-------+---+----+------------+------------+

    * Multiplexer: 
    +-------------------------+-----+-----------+-----+-----------+
    |           Name          | LUT | Input Size| Bits| Total Bits|
    +-------------------------+-----+-----------+-----+-----------+
    |a_address0               |   33|          6|    3|         18|
    |ap_NS_fsm                |  121|         26|    1|         26|
    |ap_enable_reg_pp0_iter0  |    9|          2|    1|          2|
    |ap_enable_reg_pp0_iter1  |    9|          2|    1|          2|
    |b_address0               |   33|          6|    3|         18|
    |prod_address0            |  121|         26|    5|        130|
    |prod_d0                  |  121|         26|   16|        416|
    +-------------------------+-----+-----------+-----+-----------+
    |Total                    |  447|         94|   30|        612|
    +-------------------------+-----+-----------+-----+-----------+

    * Register: 
    +-----------------------------+----+----+-----+-----------+
    |             Name            | FF | LUT| Bits| Const Bits|
    +-----------------------------+----+----+-----+-----------+
    |ap_CS_fsm                    |  25|   0|   25|          0|
    |ap_enable_reg_pp0_iter0_reg  |   1|   0|    1|          0|
    |ap_enable_reg_pp0_iter1      |   1|   0|    1|          0|
    |reg_510                      |   8|   0|    8|          0|
    |reg_514                      |   8|   0|    8|          0|
    |tmp10_reg_2234               |  16|   0|   16|          0|
    |tmp11_reg_2605               |  16|   0|   16|          0|
    |tmp12_reg_1935               |  16|   0|   16|          0|
    |tmp13_reg_2269               |  16|   0|   16|          0|
    |tmp14_reg_2610               |  16|   0|   16|          0|
    |tmp15_reg_1981               |  16|   0|   16|          0|
    |tmp16_reg_2274               |  16|   0|   16|          0|
    |tmp17_reg_2615               |  16|   0|   16|          0|
    |tmp18_reg_1796               |  16|   0|   16|          0|
    |tmp19_reg_2279               |  16|   0|   16|          0|
    |tmp1_reg_1653                |  16|   0|   16|          0|
    |tmp20_reg_2644               |  16|   0|   16|          0|
    |tmp21_reg_1801               |  16|   0|   16|          0|
    |tmp22_reg_2308               |  16|   0|   16|          0|
    |tmp23_reg_2649               |  16|   0|   16|          0|
    |tmp24_reg_1890               |  16|   0|   16|          0|
    |tmp25_reg_2313               |  16|   0|   16|          0|
    |tmp26_reg_2654               |  16|   0|   16|          0|
    |tmp27_reg_1952               |  16|   0|   16|          0|
    |tmp28_reg_2318               |  16|   0|   16|          0|
    |tmp29_reg_2674               |  16|   0|   16|          0|
    |tmp2_reg_2575                |  16|   0|   16|          0|
    |tmp30_reg_1986               |  16|   0|   16|          0|
    |tmp31_reg_2353               |  16|   0|   16|          0|
    |tmp32_reg_2679               |  16|   0|   16|          0|
    |tmp33_reg_1900               |  16|   0|   16|          0|
    |tmp34_reg_2358               |  16|   0|   16|          0|
    |tmp35_reg_2684               |  16|   0|   16|          0|
    |tmp36_reg_1962               |  16|   0|   16|          0|
    |tmp37_reg_2363               |  16|   0|   16|          0|
    |tmp38_reg_2713               |  16|   0|   16|          0|
    |tmp39_reg_1991               |  16|   0|   16|          0|
    |tmp3_reg_1658                |  16|   0|   16|          0|
    |tmp40_reg_2391               |  16|   0|   16|          0|
    |tmp41_reg_2718               |  16|   0|   16|          0|
    |tmp42_reg_2019               |  16|   0|   16|          0|
    |tmp43_reg_2396               |  16|   0|   16|          0|
    |tmp44_reg_2723               |  16|   0|   16|          0|
    |tmp45_reg_2024               |  16|   0|   16|          0|
    |tmp46_reg_2401               |  16|   0|   16|          0|
    |tmp47_reg_2752               |  16|   0|   16|          0|
    |tmp48_reg_2029               |  16|   0|   16|          0|
    |tmp49_reg_2430               |  16|   0|   16|          0|
    |tmp4_reg_2224                |  16|   0|   16|          0|
    |tmp50_reg_2757               |  16|   0|   16|          0|
    |tmp51_reg_2058               |  16|   0|   16|          0|
    |tmp52_reg_2435               |  16|   0|   16|          0|
    |tmp53_reg_2762               |  16|   0|   16|          0|
    |tmp54_reg_2063               |  16|   0|   16|          0|
    |tmp55_reg_2440               |  16|   0|   16|          0|
    |tmp56_reg_2782               |  16|   0|   16|          0|
    |tmp57_reg_2068               |  16|   0|   16|          0|
    |tmp58_reg_2503               |  16|   0|   16|          0|
    |tmp59_reg_2787               |  16|   0|   16|          0|
    |tmp5_reg_2580                |  16|   0|   16|          0|
    |tmp60_reg_2122               |  16|   0|   16|          0|
    |tmp61_reg_2508               |  16|   0|   16|          0|
    |tmp62_reg_2792               |  16|   0|   16|          0|
    |tmp63_reg_2127               |  16|   0|   16|          0|
    |tmp64_reg_2513               |  16|   0|   16|          0|
    |tmp65_reg_2812               |  16|   0|   16|          0|
    |tmp66_reg_2132               |  16|   0|   16|          0|
    |tmp67_reg_2560               |  16|   0|   16|          0|
    |tmp68_reg_2817               |  16|   0|   16|          0|
    |tmp69_reg_2209               |  16|   0|   16|          0|
    |tmp6_reg_1750                |  16|   0|   16|          0|
    |tmp70_reg_2565               |  16|   0|   16|          0|
    |tmp71_reg_2822               |  16|   0|   16|          0|
    |tmp72_reg_2214               |  16|   0|   16|          0|
    |tmp73_reg_2570               |  16|   0|   16|          0|
    |tmp74_reg_2842               |  16|   0|   16|          0|
    |tmp75_reg_2219               |  16|   0|   16|          0|
    |tmp7_reg_2229                |  16|   0|   16|          0|
    |tmp8_reg_2585                |  16|   0|   16|          0|
    |tmp9_reg_1849                |  16|   0|   16|          0|
    |tmp_10_reg_1600              |   8|   0|    8|          0|
    |tmp_11_reg_1605              |   8|   0|    8|          0|
    |tmp_14_reg_1561              |  16|   0|   16|          0|
    |tmp_15_reg_1680              |   8|   0|    8|          0|
    |tmp_16_reg_1685              |   8|   0|    8|          0|
    |tmp_19_reg_1569              |  16|   0|   16|          0|
    |tmp_1_reg_1492               |   8|   0|    8|          0|
    |tmp_20_reg_1772              |   8|   0|    8|          0|
    |tmp_21_reg_1777              |   8|   0|    8|          0|
    |tmp_24_reg_1595              |   8|   0|    8|          0|
    |tmp_25_reg_1871              |   8|   0|    8|          0|
    |tmp_26_reg_1876              |   8|   0|    8|          0|
    |tmp_29_reg_1675              |   8|   0|    8|          0|
    |tmp_30_reg_1629              |   8|   0|    8|          0|
    |tmp_31_reg_1634              |   8|   0|    8|          0|
    |tmp_34_reg_1767              |   8|   0|    8|          0|
    |tmp_35_reg_1726              |   8|   0|    8|          0|
    |tmp_36_reg_1731              |   8|   0|    8|          0|
    |tmp_39_reg_1866              |   8|   0|    8|          0|
    |tmp_40_reg_1829              |   8|   0|    8|          0|
    |tmp_41_reg_1834              |   8|   0|    8|          0|
    |tmp_42_reg_1839              |   8|   0|    8|          0|
    |tmp_44_reg_1624              |   8|   0|    8|          0|
    |tmp_45_reg_1915              |   8|   0|    8|          0|
    |tmp_46_reg_1920              |   8|   0|    8|          0|
    |tmp_47_reg_1925              |   8|   0|    8|          0|
    |tmp_48_reg_1930              |   8|   0|    8|          0|
    |tmp_49_reg_1721              |   8|   0|    8|          0|
    |tmp_4_reg_1515               |   8|   0|    8|          0|
    |tmp_50_reg_1824              |   8|   0|    8|          0|
    |tmp_5_0_0_1_reg_1497         |  16|   0|   16|          0|
    |tmp_5_0_0_2_reg_2467         |  16|   0|   16|          0|
    |tmp_5_0_0_3_reg_1525         |  16|   0|   16|          0|
    |tmp_5_0_0_4_reg_1574         |  16|   0|   16|          0|
    |tmp_5_1_0_1_reg_2200         |  16|   0|   16|          0|
    |tmp_5_1_0_2_reg_2551         |  16|   0|   16|          0|
    |tmp_5_1_0_3_reg_1639         |  16|   0|   16|          0|
    |tmp_5_1_0_4_reg_1704         |  16|   0|   16|          0|
    |tmp_5_1_reg_2252             |  16|   0|   16|          0|
    |tmp_5_2_0_1_reg_2299         |  16|   0|   16|          0|
    |tmp_5_2_0_2_reg_2620         |  16|   0|   16|          0|
    |tmp_5_2_0_3_reg_1736         |  16|   0|   16|          0|
    |tmp_5_2_0_4_reg_1811         |  16|   0|   16|          0|
    |tmp_5_2_reg_2323             |  16|   0|   16|          0|
    |tmp_5_3_0_1_reg_2344         |  16|   0|   16|          0|
    |tmp_5_3_0_2_reg_2689         |  16|   0|   16|          0|
    |tmp_5_3_0_3_reg_1972         |  16|   0|   16|          0|
    |tmp_5_3_0_4_reg_2006         |  16|   0|   16|          0|
    |tmp_5_3_reg_2378             |  16|   0|   16|          0|
    |tmp_5_4_0_1_reg_2421         |  16|   0|   16|          0|
    |tmp_5_4_0_2_reg_2728         |  16|   0|   16|          0|
    |tmp_5_4_0_3_reg_2049         |  16|   0|   16|          0|
    |tmp_5_4_0_4_reg_2078         |  16|   0|   16|          0|
    |tmp_5_4_reg_2450             |  16|   0|   16|          0|
    |tmp_5_reg_1520               |   8|   0|    8|          0|
    |tmp_61_reg_1910              |   8|   0|    8|          0|
    |tmp_6_0_0_1_reg_1506         |  16|   0|   16|          0|
    |tmp_6_0_0_2_reg_2476         |  16|   0|   16|          0|
    |tmp_6_0_0_3_reg_1534         |  16|   0|   16|          0|
    |tmp_6_0_0_4_reg_1582         |  16|   0|   16|          0|
    |tmp_6_0_1_1_reg_2095         |  16|   0|   16|          0|
    |tmp_6_0_1_2_reg_2485         |  16|   0|   16|          0|
    |tmp_6_0_1_3_reg_1610         |  16|   0|   16|          0|
    |tmp_6_0_1_4_reg_1663         |  16|   0|   16|          0|
    |tmp_6_0_1_reg_2152           |  16|   0|   16|          0|
    |tmp_6_0_2_1_reg_2104         |  16|   0|   16|          0|
    |tmp_6_0_2_2_reg_2494         |  16|   0|   16|          0|
    |tmp_6_0_2_3_reg_1690         |  16|   0|   16|          0|
    |tmp_6_0_2_4_reg_1755         |  16|   0|   16|          0|
    |tmp_6_0_2_reg_2165           |  16|   0|   16|          0|
    |tmp_6_0_3_1_reg_2113         |  16|   0|   16|          0|
    |tmp_6_0_3_2_reg_2533         |  16|   0|   16|          0|
    |tmp_6_0_3_3_reg_1782         |  16|   0|   16|          0|
    |tmp_6_0_3_4_reg_1854         |  16|   0|   16|          0|
    |tmp_6_0_3_reg_2178           |  16|   0|   16|          0|
    |tmp_6_0_4_1_reg_2191         |  16|   0|   16|          0|
    |tmp_6_0_4_2_reg_2542         |  16|   0|   16|          0|
    |tmp_6_0_4_3_reg_1881         |  16|   0|   16|          0|
    |tmp_6_0_4_4_reg_1940         |  16|   0|   16|          0|
    |tmp_6_0_4_reg_2239           |  16|   0|   16|          0|
    |tmp_7_0_0_4_reg_1590         |  16|   0|   16|          0|
    |tmp_7_0_1_4_reg_1670         |  16|   0|   16|          0|
    |tmp_7_0_1_reg_2160           |  16|   0|   16|          0|
    |tmp_7_0_2_4_reg_1762         |  16|   0|   16|          0|
    |tmp_7_0_2_reg_2173           |  16|   0|   16|          0|
    |tmp_7_0_3_4_reg_1861         |  16|   0|   16|          0|
    |tmp_7_0_3_reg_2186           |  16|   0|   16|          0|
    |tmp_7_0_4_4_reg_1947         |  16|   0|   16|          0|
    |tmp_7_0_4_reg_2247           |  16|   0|   16|          0|
    |tmp_7_1_0_4_reg_1711         |  16|   0|   16|          0|
    |tmp_7_1_1_4_reg_1716         |  16|   0|   16|          0|
    |tmp_7_1_1_reg_2264           |  16|   0|   16|          0|
    |tmp_7_1_2_4_reg_1806         |  16|   0|   16|          0|
    |tmp_7_1_2_reg_2284           |  16|   0|   16|          0|
    |tmp_7_1_3_4_reg_1895         |  16|   0|   16|          0|
    |tmp_7_1_3_reg_2289           |  16|   0|   16|          0|
    |tmp_7_1_4_4_reg_1957         |  16|   0|   16|          0|
    |tmp_7_1_4_reg_2294           |  16|   0|   16|          0|
    |tmp_7_1_reg_2259             |  16|   0|   16|          0|
    |tmp_7_2_0_4_reg_1819         |  16|   0|   16|          0|
    |tmp_7_2_1_4_reg_1905         |  16|   0|   16|          0|
    |tmp_7_2_1_reg_2334           |  16|   0|   16|          0|
    |tmp_7_2_2_4_reg_1967         |  16|   0|   16|          0|
    |tmp_7_2_2_reg_2339           |  16|   0|   16|          0|
    |tmp_7_2_3_4_reg_1996         |  16|   0|   16|          0|
    |tmp_7_2_3_reg_2368           |  16|   0|   16|          0|
    |tmp_7_2_4_4_reg_2001         |  16|   0|   16|          0|
    |tmp_7_2_4_reg_2373           |  16|   0|   16|          0|
    |tmp_7_2_reg_2329             |  16|   0|   16|          0|
    |tmp_7_3_0_4_reg_2014         |  16|   0|   16|          0|
    |tmp_7_3_1_4_reg_2034         |  16|   0|   16|          0|
    |tmp_7_3_1_reg_2406           |  16|   0|   16|          0|
    |tmp_7_3_2_4_reg_2039         |  16|   0|   16|          0|
    |tmp_7_3_2_reg_2411           |  16|   0|   16|          0|
    |tmp_7_3_3_4_reg_2044         |  16|   0|   16|          0|
    |tmp_7_3_3_reg_2416           |  16|   0|   16|          0|
    |tmp_7_3_4_4_reg_2073         |  16|   0|   16|          0|
    |tmp_7_3_4_reg_2445           |  16|   0|   16|          0|
    |tmp_7_3_reg_2386             |  16|   0|   16|          0|
    |tmp_7_4_0_4_reg_2085         |  16|   0|   16|          0|
    |tmp_7_4_1_4_reg_2090         |  16|   0|   16|          0|
    |tmp_7_4_1_reg_2462           |  16|   0|   16|          0|
    |tmp_7_4_2_4_reg_2137         |  16|   0|   16|          0|
    |tmp_7_4_2_reg_2518           |  16|   0|   16|          0|
    |tmp_7_4_3_4_reg_2142         |  16|   0|   16|          0|
    |tmp_7_4_3_reg_2523           |  16|   0|   16|          0|
    |tmp_7_4_4_4_reg_2147         |  16|   0|   16|          0|
    |tmp_7_4_4_reg_2528           |  16|   0|   16|          0|
    |tmp_7_4_reg_2457             |  16|   0|   16|          0|
    |tmp_8_0_0_4_reg_2590         |  16|   0|   16|          0|
    |tmp_8_0_1_4_reg_2595         |  16|   0|   16|          0|
    |tmp_8_0_2_4_reg_2600         |  16|   0|   16|          0|
    |tmp_8_0_3_4_reg_2629         |  16|   0|   16|          0|
    |tmp_8_0_4_4_reg_2634         |  16|   0|   16|          0|
    |tmp_8_1_0_4_reg_2639         |  16|   0|   16|          0|
    |tmp_8_1_1_4_reg_2659         |  16|   0|   16|          0|
    |tmp_8_1_2_4_reg_2664         |  16|   0|   16|          0|
    |tmp_8_1_3_4_reg_2669         |  16|   0|   16|          0|
    |tmp_8_1_4_4_reg_2698         |  16|   0|   16|          0|
    |tmp_8_2_0_4_reg_2703         |  16|   0|   16|          0|
    |tmp_8_2_1_4_reg_2708         |  16|   0|   16|          0|
    |tmp_8_2_2_4_reg_2737         |  16|   0|   16|          0|
    |tmp_8_2_3_4_reg_2742         |  16|   0|   16|          0|
    |tmp_8_2_4_4_reg_2747         |  16|   0|   16|          0|
    |tmp_8_3_0_4_reg_2767         |  16|   0|   16|          0|
    |tmp_8_3_1_4_reg_2772         |  16|   0|   16|          0|
    |tmp_8_3_2_4_reg_2777         |  16|   0|   16|          0|
    |tmp_8_3_3_4_reg_2797         |  16|   0|   16|          0|
    |tmp_8_3_4_4_reg_2802         |  16|   0|   16|          0|
    |tmp_8_4_0_4_reg_2807         |  16|   0|   16|          0|
    |tmp_8_4_1_4_reg_2827         |  16|   0|   16|          0|
    |tmp_8_4_2_4_reg_2832         |  16|   0|   16|          0|
    |tmp_8_4_3_4_reg_2837         |  16|   0|   16|          0|
    |tmp_8_4_4_4_reg_2847         |  16|   0|   16|          0|
    |tmp_reg_1487                 |   8|   0|    8|          0|
    |tmp_s_reg_1553               |  16|   0|   16|          0|
    +-----------------------------+----+----+-----+-----------+
    |Total                        |3491|   0| 3491|          0|
    +-----------------------------+----+----+-----+-----------+



================================================================
== Interface
================================================================
* Summary: 
+------------------------+-----+-----+------------+--------------+--------------+
|        RTL Ports       | Dir | Bits|  Protocol  | Source Object|    C Type    |
+------------------------+-----+-----+------------+--------------+--------------+
|s_axi_AXILiteS_AWVALID  |  in |    1|    s_axi   |   AXILiteS   |     array    |
|s_axi_AXILiteS_AWREADY  | out |    1|    s_axi   |   AXILiteS   |     array    |
|s_axi_AXILiteS_AWADDR   |  in |    8|    s_axi   |   AXILiteS   |     array    |
|s_axi_AXILiteS_WVALID   |  in |    1|    s_axi   |   AXILiteS   |     array    |
|s_axi_AXILiteS_WREADY   | out |    1|    s_axi   |   AXILiteS   |     array    |
|s_axi_AXILiteS_WDATA    |  in |   32|    s_axi   |   AXILiteS   |     array    |
|s_axi_AXILiteS_WSTRB    |  in |    4|    s_axi   |   AXILiteS   |     array    |
|s_axi_AXILiteS_ARVALID  |  in |    1|    s_axi   |   AXILiteS   |     array    |
|s_axi_AXILiteS_ARREADY  | out |    1|    s_axi   |   AXILiteS   |     array    |
|s_axi_AXILiteS_ARADDR   |  in |    8|    s_axi   |   AXILiteS   |     array    |
|s_axi_AXILiteS_RVALID   | out |    1|    s_axi   |   AXILiteS   |     array    |
|s_axi_AXILiteS_RREADY   |  in |    1|    s_axi   |   AXILiteS   |     array    |
|s_axi_AXILiteS_RDATA    | out |   32|    s_axi   |   AXILiteS   |     array    |
|s_axi_AXILiteS_RRESP    | out |    2|    s_axi   |   AXILiteS   |     array    |
|s_axi_AXILiteS_BVALID   | out |    1|    s_axi   |   AXILiteS   |     array    |
|s_axi_AXILiteS_BREADY   |  in |    1|    s_axi   |   AXILiteS   |     array    |
|s_axi_AXILiteS_BRESP    | out |    2|    s_axi   |   AXILiteS   |     array    |
|ap_clk                  |  in |    1| ap_ctrl_hs |  matrix_mult | return value |
|ap_rst_n                |  in |    1| ap_ctrl_hs |  matrix_mult | return value |
|interrupt               | out |    1| ap_ctrl_hs |  matrix_mult | return value |
+------------------------+-----+-----+------------+--------------+--------------+

