20:43:48 **** Incremental Build of configuration Debug for project matrix_mult ****
make pre-build main-build 
a9-linaro-pre-build-step
 
make: Nothing to be done for 'main-build'.
20:44:12 **** Incremental Build of configuration Debug for project matrix_mult ****
make pre-build main-build 
a9-linaro-pre-build-step
 
make: Nothing to be done for 'main-build'.
20:46:56 **** Incremental Build of configuration Debug for project matrix_mult ****
make pre-build main-build 
a9-linaro-pre-build-step
 
make: Nothing to be done for 'main-build'.
20:50:48 **** Auto Build of configuration Debug for project matrix_mult ****
make pre-build main-build 
a9-linaro-pre-build-step
 
Building file: ../src/matrix_mult.c
Invoking: ARM v7 gcc compiler
arm-none-eabi-gcc -Wall -O0 -g3 -c -fmessage-length=0 -MT"src/matrix_mult.o" -mcpu=cortex-a9 -mfpu=vfpv3 -mfloat-abi=hard -I../../matrix_mult_bsp/ps7_cortexa9_0/include -MMD -MP -MF"src/matrix_mult.d" -MT"src/matrix_mult.o" -o "src/matrix_mult.o" "../src/matrix_mult.c"
../src/matrix_mult.c: In function 'main':
../src/matrix_mult.c:11:15: warning: unused variable 'multi' [-Wunused-variable]
  XMatrix_mult multi = {0,0};
               ^~~~~
../src/matrix_mult.c:8:6: warning: variable 'a' set but not used [-Wunused-but-set-variable]
  int a;
      ^
Finished building: ../src/matrix_mult.c
 
Building target: matrix_mult.elf
Invoking: ARM v7 gcc linker
arm-none-eabi-gcc -mcpu=cortex-a9 -mfpu=vfpv3 -mfloat-abi=hard -Wl,-build-id=none -specs=Xilinx.spec -Wl,-T -Wl,../src/lscript.ld -L../../matrix_mult_bsp/ps7_cortexa9_0/lib -o "matrix_mult.elf"  ./src/matrix_mult.o   -Wl,--start-group,-lxil,-lgcc,-lc,--end-group
Finished building target: matrix_mult.elf
 
Invoking: ARM v7 Print Size
arm-none-eabi-size matrix_mult.elf  |tee "matrix_mult.elf.size"
   text	   data	    bss	    dec	    hex	filename
  19060	   1144	  22568	  42772	   a714	matrix_mult.elf
Finished building: matrix_mult.elf.size
 
20:51:18 **** Incremental Build of configuration Debug for project matrix_mult ****
make pre-build main-build 
a9-linaro-pre-build-step
 
make: Nothing to be done for 'main-build'.
20:55:03 **** Auto Build of configuration Debug for project matrix_mult ****
make pre-build main-build 
a9-linaro-pre-build-step
 
Building file: ../src/matrix_mult.c
Invoking: ARM v7 gcc compiler
arm-none-eabi-gcc -Wall -O0 -g3 -c -fmessage-length=0 -MT"src/matrix_mult.o" -mcpu=cortex-a9 -mfpu=vfpv3 -mfloat-abi=hard -I../../matrix_mult_bsp/ps7_cortexa9_0/include -MMD -MP -MF"src/matrix_mult.d" -MT"src/matrix_mult.o" -o "src/matrix_mult.o" "../src/matrix_mult.c"
../src/matrix_mult.c:5:10: fatal error: cmath: No such file or directory
 #include <cmath>
          ^~~~~~~
compilation terminated.
make: *** [src/matrix_mult.o] Error 1
src/subdir.mk:21: recipe for target 'src/matrix_mult.o' failed
20:55:37 **** Auto Build of configuration Debug for project matrix_mult ****
make pre-build main-build 
a9-linaro-pre-build-step
 
Building file: ../src/matrix_mult.c
Invoking: ARM v7 gcc compiler
arm-none-eabi-gcc -Wall -O0 -g3 -c -fmessage-length=0 -MT"src/matrix_mult.o" -mcpu=cortex-a9 -mfpu=vfpv3 -mfloat-abi=hard -I../../matrix_mult_bsp/ps7_cortexa9_0/include -MMD -MP -MF"src/matrix_mult.d" -MT"src/matrix_mult.o" -o "src/matrix_mult.o" "../src/matrix_mult.c"
../src/matrix_mult.c: In function 'main':
../src/matrix_mult.c:15:15: warning: unused variable 'multi' [-Wunused-variable]
  XMatrix_mult multi = {0,0};
               ^~~~~
../src/matrix_mult.c:12:6: warning: variable 'a' set but not used [-Wunused-but-set-variable]
  int a;
      ^
Finished building: ../src/matrix_mult.c
 
Building target: matrix_mult.elf
Invoking: ARM v7 gcc linker
arm-none-eabi-gcc -mcpu=cortex-a9 -mfpu=vfpv3 -mfloat-abi=hard -Wl,-build-id=none -specs=Xilinx.spec -Wl,-T -Wl,../src/lscript.ld -L../../matrix_mult_bsp/ps7_cortexa9_0/lib -o "matrix_mult.elf"  ./src/matrix_mult.o   -Wl,--start-group,-lxil,-lgcc,-lc,--end-group
Finished building target: matrix_mult.elf
 
Invoking: ARM v7 Print Size
arm-none-eabi-size matrix_mult.elf  |tee "matrix_mult.elf.size"
   text	   data	    bss	    dec	    hex	filename
  19060	   1144	  22568	  42772	   a714	matrix_mult.elf
Finished building: matrix_mult.elf.size
 
20:55:53 **** Auto Build of configuration Debug for project matrix_mult ****
make pre-build main-build 
a9-linaro-pre-build-step
 
Building file: ../src/matrix_mult.c
Invoking: ARM v7 gcc compiler
arm-none-eabi-gcc -Wall -O0 -g3 -c -fmessage-length=0 -MT"src/matrix_mult.o" -mcpu=cortex-a9 -mfpu=vfpv3 -mfloat-abi=hard -I../../matrix_mult_bsp/ps7_cortexa9_0/include -MMD -MP -MF"src/matrix_mult.d" -MT"src/matrix_mult.o" -o "src/matrix_mult.o" "../src/matrix_mult.c"
../src/matrix_mult.c: In function 'main':
../src/matrix_mult.c:20:15: warning: unused variable 'multi' [-Wunused-variable]
  XMatrix_mult multi = {0,0};
               ^~~~~
../src/matrix_mult.c:17:6: warning: variable 'a' set but not used [-Wunused-but-set-variable]
  int a;
      ^
Finished building: ../src/matrix_mult.c
 
Building target: matrix_mult.elf
Invoking: ARM v7 gcc linker
arm-none-eabi-gcc -mcpu=cortex-a9 -mfpu=vfpv3 -mfloat-abi=hard -Wl,-build-id=none -specs=Xilinx.spec -Wl,-T -Wl,../src/lscript.ld -L../../matrix_mult_bsp/ps7_cortexa9_0/lib -o "matrix_mult.elf"  ./src/matrix_mult.o   -Wl,--start-group,-lxil,-lgcc,-lc,--end-group
Finished building target: matrix_mult.elf
 
Invoking: ARM v7 Print Size
arm-none-eabi-size matrix_mult.elf  |tee "matrix_mult.elf.size"
   text	   data	    bss	    dec	    hex	filename
  19060	   1144	  22568	  42772	   a714	matrix_mult.elf
Finished building: matrix_mult.elf.size
 
21:46:12 **** Auto Build of configuration Debug for project matrix_mult ****
make pre-build main-build 
a9-linaro-pre-build-step
 
Building file: ../src/matrix_mult.c
Invoking: ARM v7 gcc compiler
arm-none-eabi-gcc -Wall -O0 -g3 -c -fmessage-length=0 -MT"src/matrix_mult.o" -mcpu=cortex-a9 -mfpu=vfpv3 -mfloat-abi=hard -I../../matrix_mult_bsp/ps7_cortexa9_0/include -MMD -MP -MF"src/matrix_mult.d" -MT"src/matrix_mult.o" -o "src/matrix_mult.o" "../src/matrix_mult.c"
../src/matrix_mult.c: In function 'main':
../src/matrix_mult.c:26:8: warning: unused variable 'in_mat_b' [-Wunused-variable]
  mat_b in_mat_b[5][5] = {
        ^~~~~~~~
../src/matrix_mult.c:19:8: warning: unused variable 'in_mat_a' [-Wunused-variable]
  mat_a in_mat_a[5][5] = {
        ^~~~~~~~
../src/matrix_mult.c:18:15: warning: unused variable 'multi' [-Wunused-variable]
  XMatrix_mult multi = {0,0};
               ^~~~~
../src/matrix_mult.c:17:6: warning: variable 'a' set but not used [-Wunused-but-set-variable]
  int a = 5;
      ^
Finished building: ../src/matrix_mult.c
 
Building target: matrix_mult.elf
Invoking: ARM v7 gcc linker
arm-none-eabi-gcc -mcpu=cortex-a9 -mfpu=vfpv3 -mfloat-abi=hard -Wl,-build-id=none -specs=Xilinx.spec -Wl,-T -Wl,../src/lscript.ld -L../../matrix_mult_bsp/ps7_cortexa9_0/lib -o "matrix_mult.elf"  ./src/matrix_mult.o   -Wl,--start-group,-lxil,-lgcc,-lc,--end-group
Finished building target: matrix_mult.elf
 
Invoking: ARM v7 Print Size
arm-none-eabi-size matrix_mult.elf  |tee "matrix_mult.elf.size"
   text	   data	    bss	    dec	    hex	filename
  19188	   1144	  22568	  42900	   a794	matrix_mult.elf
Finished building: matrix_mult.elf.size
 
21:46:33 **** Auto Build of configuration Debug for project matrix_mult ****
make pre-build main-build 
a9-linaro-pre-build-step
 
Building file: ../src/matrix_mult.c
Invoking: ARM v7 gcc compiler
arm-none-eabi-gcc -Wall -O0 -g3 -c -fmessage-length=0 -MT"src/matrix_mult.o" -mcpu=cortex-a9 -mfpu=vfpv3 -mfloat-abi=hard -I../../matrix_mult_bsp/ps7_cortexa9_0/include -MMD -MP -MF"src/matrix_mult.d" -MT"src/matrix_mult.o" -o "src/matrix_mult.o" "../src/matrix_mult.c"
../src/matrix_mult.c: In function 'main':
../src/matrix_mult.c:26:8: warning: unused variable 'in_mat_b' [-Wunused-variable]
  mat_b in_mat_b[IN_B_ROWS][IN_B_COLS] = {
        ^~~~~~~~
../src/matrix_mult.c:19:8: warning: unused variable 'in_mat_a' [-Wunused-variable]
  mat_a in_mat_a[IN_A_ROWS][IN_A_COLS] = {
        ^~~~~~~~
../src/matrix_mult.c:18:15: warning: unused variable 'multi' [-Wunused-variable]
  XMatrix_mult multi = {0,0};
               ^~~~~
../src/matrix_mult.c:17:6: warning: variable 'a' set but not used [-Wunused-but-set-variable]
  int a = 5;
      ^
Finished building: ../src/matrix_mult.c
 
Building target: matrix_mult.elf
Invoking: ARM v7 gcc linker
arm-none-eabi-gcc -mcpu=cortex-a9 -mfpu=vfpv3 -mfloat-abi=hard -Wl,-build-id=none -specs=Xilinx.spec -Wl,-T -Wl,../src/lscript.ld -L../../matrix_mult_bsp/ps7_cortexa9_0/lib -o "matrix_mult.elf"  ./src/matrix_mult.o   -Wl,--start-group,-lxil,-lgcc,-lc,--end-group
Finished building target: matrix_mult.elf
 
Invoking: ARM v7 Print Size
arm-none-eabi-size matrix_mult.elf  |tee "matrix_mult.elf.size"
   text	   data	    bss	    dec	    hex	filename
  19188	   1144	  22568	  42900	   a794	matrix_mult.elf
Finished building: matrix_mult.elf.size
 
21:47:06 **** Auto Build of configuration Debug for project matrix_mult ****
make pre-build main-build 
a9-linaro-pre-build-step
 
make: Nothing to be done for 'main-build'.
21:47:24 **** Clean-only build of configuration Debug for project matrix_mult ****
make clean 
rm -rf  ./src/matrix_mult.o  ./src/matrix_mult.d  matrix_mult.elf.size  matrix_mult.elf
 
21:47:24 **** Auto Build of configuration Debug for project matrix_mult ****
make pre-build main-build 
a9-linaro-pre-build-step
 
Building file: ../src/matrix_mult.c
Invoking: ARM v7 gcc compiler
arm-none-eabi-gcc -Wall -O0 -g3 -c -fmessage-length=0 -MT"src/matrix_mult.o" -mcpu=cortex-a9 -mfpu=vfpv3 -mfloat-abi=hard -I../../matrix_mult_bsp/ps7_cortexa9_0/include -MMD -MP -MF"src/matrix_mult.d" -MT"src/matrix_mult.o" -o "src/matrix_mult.o" "../src/matrix_mult.c"
../src/matrix_mult.c: In function 'main':
../src/matrix_mult.c:26:8: warning: unused variable 'in_mat_b' [-Wunused-variable]
  mat_b in_mat_b[IN_B_ROWS][IN_B_COLS] = {
        ^~~~~~~~
../src/matrix_mult.c:19:8: warning: unused variable 'in_mat_a' [-Wunused-variable]
  mat_a in_mat_a[IN_A_ROWS][IN_A_COLS] = {
        ^~~~~~~~
../src/matrix_mult.c:18:15: warning: unused variable 'multi' [-Wunused-variable]
  XMatrix_mult multi = {0,0};
               ^~~~~
../src/matrix_mult.c:17:6: warning: variable 'a' set but not used [-Wunused-but-set-variable]
  int a = 5;
      ^
Finished building: ../src/matrix_mult.c
 
Building target: matrix_mult.elf
Invoking: ARM v7 gcc linker
arm-none-eabi-gcc -mcpu=cortex-a9 -mfpu=vfpv3 -mfloat-abi=hard -Wl,-build-id=none -specs=Xilinx.spec -Wl,-T -Wl,../src/lscript.ld -L../../matrix_mult_bsp/ps7_cortexa9_0/lib -o "matrix_mult.elf"  ./src/matrix_mult.o   -Wl,--start-group,-lxil,-lgcc,-lc,--end-group
Finished building target: matrix_mult.elf
 
Invoking: ARM v7 Print Size
arm-none-eabi-size matrix_mult.elf  |tee "matrix_mult.elf.size"
   text	   data	    bss	    dec	    hex	filename
  19188	   1144	  22568	  42900	   a794	matrix_mult.elf
Finished building: matrix_mult.elf.size
 
21:47:34 **** Auto Build of configuration Debug for project matrix_mult ****
make pre-build main-build 
a9-linaro-pre-build-step
 
make: Nothing to be done for 'main-build'.
21:47:49 **** Auto Build of configuration Debug for project matrix_mult ****
make pre-build main-build 
a9-linaro-pre-build-step
 
Building file: ../src/matrix_mult.c
Invoking: ARM v7 gcc compiler
arm-none-eabi-gcc -Wall -O0 -g3 -c -fmessage-length=0 -MT"src/matrix_mult.o" -mcpu=cortex-a9 -mfpu=vfpv3 -mfloat-abi=hard -I../../matrix_mult_bsp/ps7_cortexa9_0/include -MMD -MP -MF"src/matrix_mult.d" -MT"src/matrix_mult.o" -o "src/matrix_mult.o" "../src/matrix_mult.c"
../src/matrix_mult.c: In function 'main':
../src/matrix_mult.c:18:8: warning: unused variable 'in_mat_b' [-Wunused-variable]
  mat_b in_mat_b[IN_B_ROWS][IN_B_COLS] = {
        ^~~~~~~~
../src/matrix_mult.c:11:8: warning: unused variable 'in_mat_a' [-Wunused-variable]
  mat_a in_mat_a[IN_A_ROWS][IN_A_COLS] = {
        ^~~~~~~~
../src/matrix_mult.c:10:15: warning: unused variable 'multi' [-Wunused-variable]
  XMatrix_mult multi = {0,0};
               ^~~~~
../src/matrix_mult.c:9:6: warning: variable 'a' set but not used [-Wunused-but-set-variable]
  int a = 5;
      ^
Finished building: ../src/matrix_mult.c
 
Building target: matrix_mult.elf
Invoking: ARM v7 gcc linker
arm-none-eabi-gcc -mcpu=cortex-a9 -mfpu=vfpv3 -mfloat-abi=hard -Wl,-build-id=none -specs=Xilinx.spec -Wl,-T -Wl,../src/lscript.ld -L../../matrix_mult_bsp/ps7_cortexa9_0/lib -o "matrix_mult.elf"  ./src/matrix_mult.o   -Wl,--start-group,-lxil,-lgcc,-lc,--end-group
Finished building target: matrix_mult.elf
 
Invoking: ARM v7 Print Size
arm-none-eabi-size matrix_mult.elf  |tee "matrix_mult.elf.size"
   text	   data	    bss	    dec	    hex	filename
  19188	   1144	  22568	  42900	   a794	matrix_mult.elf
Finished building: matrix_mult.elf.size
 
21:48:07 **** Incremental Build of configuration Debug for project matrix_mult ****
make pre-build main-build 
a9-linaro-pre-build-step
 
make: Nothing to be done for 'main-build'.
21:50:22 **** Auto Build of configuration Debug for project matrix_mult ****
make pre-build main-build 
a9-linaro-pre-build-step
 
Building file: ../src/matrix_mult.c
Invoking: ARM v7 gcc compiler
arm-none-eabi-gcc -Wall -O0 -g3 -c -fmessage-length=0 -MT"src/matrix_mult.o" -mcpu=cortex-a9 -mfpu=vfpv3 -mfloat-abi=hard -I../../matrix_mult_bsp/ps7_cortexa9_0/include -MMD -MP -MF"src/matrix_mult.d" -MT"src/matrix_mult.o" -o "src/matrix_mult.o" "../src/matrix_mult.c"
../src/matrix_mult.c: In function 'main':
../src/matrix_mult.c:18:8: warning: unused variable 'in_mat_b' [-Wunused-variable]
  mat_b in_mat_b[IN_B_ROWS][IN_B_COLS] = {
        ^~~~~~~~
../src/matrix_mult.c:11:8: warning: unused variable 'in_mat_a' [-Wunused-variable]
  mat_a in_mat_a[IN_A_ROWS][IN_A_COLS] = {
        ^~~~~~~~
../src/matrix_mult.c:10:15: warning: unused variable 'multi' [-Wunused-variable]
  XMatrix_mult multi = {0,0};
               ^~~~~
../src/matrix_mult.c:9:6: warning: variable 'a' set but not used [-Wunused-but-set-variable]
  int a = 5;
      ^
Finished building: ../src/matrix_mult.c
 
Building target: matrix_mult.elf
Invoking: ARM v7 gcc linker
arm-none-eabi-gcc -mcpu=cortex-a9 -mfpu=vfpv3 -mfloat-abi=hard -Wl,-build-id=none -specs=Xilinx.spec -Wl,-T -Wl,../src/lscript.ld -L../../matrix_mult_bsp/ps7_cortexa9_0/lib -o "matrix_mult.elf"  ./src/matrix_mult.o   -Wl,--start-group,-lxil,-lgcc,-lc,--end-group
Finished building target: matrix_mult.elf
 
Invoking: ARM v7 Print Size
arm-none-eabi-size matrix_mult.elf  |tee "matrix_mult.elf.size"
   text	   data	    bss	    dec	    hex	filename
  19176	   1144	  22568	  42888	   a788	matrix_mult.elf
Finished building: matrix_mult.elf.size
 
21:50:32 **** Incremental Build of configuration Debug for project matrix_mult ****
make pre-build main-build 
a9-linaro-pre-build-step
 
make: Nothing to be done for 'main-build'.
21:54:13 **** Auto Build of configuration Debug for project matrix_mult ****
make pre-build main-build 
a9-linaro-pre-build-step
 
Building file: ../src/matrix_mult.c
Invoking: ARM v7 gcc compiler
arm-none-eabi-gcc -Wall -O0 -g3 -c -fmessage-length=0 -MT"src/matrix_mult.o" -mcpu=cortex-a9 -mfpu=vfpv3 -mfloat-abi=hard -I../../matrix_mult_bsp/ps7_cortexa9_0/include -MMD -MP -MF"src/matrix_mult.d" -MT"src/matrix_mult.o" -o "src/matrix_mult.o" "../src/matrix_mult.c"
../src/matrix_mult.c: In function 'main':
../src/matrix_mult.c:27:30: error: invalid type argument of unary '*' (have 'XMatrix_mult {aka struct <anonymous>}')
  b = XMatrix_mult_Initialize(*multi, XPAR_XMATRIX_MULT_0_DEVICE_ID)
                              ^~~~~~
../src/matrix_mult.c:29:2: error: expected ';' before 'a'
  a = 0;
  ^
../src/matrix_mult.c:19:8: warning: unused variable 'in_mat_b' [-Wunused-variable]
  mat_b in_mat_b[IN_B_ROWS][IN_B_COLS] = {
        ^~~~~~~~
../src/matrix_mult.c:12:8: warning: unused variable 'in_mat_a' [-Wunused-variable]
  mat_a in_mat_a[IN_A_ROWS][IN_A_COLS] = {
        ^~~~~~~~
../src/matrix_mult.c:10:6: warning: variable 'b' set but not used [-Wunused-but-set-variable]
  int b = 5;
      ^
../src/matrix_mult.c:9:6: warning: unused variable 'a' [-Wunused-variable]
src/subdir.mk:21: recipe for target 'src/matrix_mult.o' failed
  int a = 5;
      ^
make: *** [src/matrix_mult.o] Error 1
21:54:17 **** Auto Build of configuration Debug for project matrix_mult ****
make pre-build main-build 
a9-linaro-pre-build-step
 
Building file: ../src/matrix_mult.c
Invoking: ARM v7 gcc compiler
arm-none-eabi-gcc -Wall -O0 -g3 -c -fmessage-length=0 -MT"src/matrix_mult.o" -mcpu=cortex-a9 -mfpu=vfpv3 -mfloat-abi=hard -I../../matrix_mult_bsp/ps7_cortexa9_0/include -MMD -MP -MF"src/matrix_mult.d" -MT"src/matrix_mult.o" -o "src/matrix_mult.o" "../src/matrix_mult.c"
../src/matrix_mult.c: In function 'main':
../src/matrix_mult.c:27:30: error: invalid type argument of unary '*' (have 'XMatrix_mult {aka struct <anonymous>}')
  b = XMatrix_mult_Initialize(*multi, XPAR_XMATRIX_MULT_0_DEVICE_ID);
                              ^~~~~~
../src/matrix_mult.c:19:8: warning: unused variable 'in_mat_b' [-Wunused-variable]
  mat_b in_mat_b[IN_B_ROWS][IN_B_COLS] = {
        ^~~~~~~~
../src/matrix_mult.c:12:8: warning: unused variable 'in_mat_a' [-Wunused-variable]
  mat_a in_mat_a[IN_A_ROWS][IN_A_COLS] = {
        ^~~~~~~~
../src/matrix_mult.c:10:6: warning: variable 'b' set but not used [-Wunused-but-set-variable]
  int b = 5;
      ^
../src/matrix_mult.c:9:6: warning: variable 'a' set but not used [-Wunused-but-set-variable]
  int a = 5;
      ^
make: *** [src/matrix_mult.o] Error 1
src/subdir.mk:21: recipe for target 'src/matrix_mult.o' failed
21:54:33 **** Auto Build of configuration Debug for project matrix_mult ****
make pre-build main-build 
a9-linaro-pre-build-step
 
Building file: ../src/matrix_mult.c
Invoking: ARM v7 gcc compiler
arm-none-eabi-gcc -Wall -O0 -g3 -c -fmessage-length=0 -MT"src/matrix_mult.o" -mcpu=cortex-a9 -mfpu=vfpv3 -mfloat-abi=hard -I../../matrix_mult_bsp/ps7_cortexa9_0/include -MMD -MP -MF"src/matrix_mult.d" -MT"src/matrix_mult.o" -o "src/matrix_mult.o" "../src/matrix_mult.c"
../src/matrix_mult.c: In function 'main':
../src/matrix_mult.c:19:8: warning: unused variable 'in_mat_b' [-Wunused-variable]
  mat_b in_mat_b[IN_B_ROWS][IN_B_COLS] = {
        ^~~~~~~~
../src/matrix_mult.c:12:8: warning: unused variable 'in_mat_a' [-Wunused-variable]
  mat_a in_mat_a[IN_A_ROWS][IN_A_COLS] = {
        ^~~~~~~~
../src/matrix_mult.c:10:6: warning: variable 'b' set but not used [-Wunused-but-set-variable]
  int b = 5;
      ^
../src/matrix_mult.c:9:6: warning: variable 'a' set but not used [-Wunused-but-set-variable]
  int a = 5;
      ^
Finished building: ../src/matrix_mult.c
 
Building target: matrix_mult.elf
Invoking: ARM v7 gcc linker
arm-none-eabi-gcc -mcpu=cortex-a9 -mfpu=vfpv3 -mfloat-abi=hard -Wl,-build-id=none -specs=Xilinx.spec -Wl,-T -Wl,../src/lscript.ld -L../../matrix_mult_bsp/ps7_cortexa9_0/lib -o "matrix_mult.elf"  ./src/matrix_mult.o   -Wl,--start-group,-lxil,-lgcc,-lc,--end-group
Finished building target: matrix_mult.elf
 
Invoking: ARM v7 Print Size
arm-none-eabi-size matrix_mult.elf  |tee "matrix_mult.elf.size"
   text	   data	    bss	    dec	    hex	filename
  23940	   1152	  22584	  47676	   ba3c	matrix_mult.elf
Finished building: matrix_mult.elf.size
 
21:54:48 **** Incremental Build of configuration Debug for project matrix_mult ****
make pre-build main-build 
a9-linaro-pre-build-step
 
make: Nothing to be done for 'main-build'.
21:59:01 **** Auto Build of configuration Debug for project matrix_mult ****
make pre-build main-build 
a9-linaro-pre-build-step
 
Building file: ../src/matrix_mult.c
Invoking: ARM v7 gcc compiler
arm-none-eabi-gcc -Wall -O0 -g3 -c -fmessage-length=0 -MT"src/matrix_mult.o" -mcpu=cortex-a9 -mfpu=vfpv3 -mfloat-abi=hard -I../../matrix_mult_bsp/ps7_cortexa9_0/include -MMD -MP -MF"src/matrix_mult.d" -MT"src/matrix_mult.o" -o "src/matrix_mult.o" "../src/matrix_mult.c"
../src/matrix_mult.c: In function 'main':
../src/matrix_mult.c:19:8: warning: unused variable 'in_mat_b' [-Wunused-variable]
  mat_b in_mat_b[IN_B_ROWS][IN_B_COLS] = {
        ^~~~~~~~
../src/matrix_mult.c:12:8: warning: unused variable 'in_mat_a' [-Wunused-variable]
  mat_a in_mat_a[IN_A_ROWS][IN_A_COLS] = {
        ^~~~~~~~
../src/matrix_mult.c:10:6: warning: variable 'b' set but not used [-Wunused-but-set-variable]
  int b = 5;
      ^
../src/matrix_mult.c:9:6: warning: variable 'a' set but not used [-Wunused-but-set-variable]
  int a = 5;
      ^
Finished building: ../src/matrix_mult.c
 
Building target: matrix_mult.elf
Invoking: ARM v7 gcc linker
arm-none-eabi-gcc -mcpu=cortex-a9 -mfpu=vfpv3 -mfloat-abi=hard -Wl,-build-id=none -specs=Xilinx.spec -Wl,-T -Wl,../src/lscript.ld -L../../matrix_mult_bsp/ps7_cortexa9_0/lib -o "matrix_mult.elf"  ./src/matrix_mult.o   -Wl,--start-group,-lxil,-lgcc,-lc,--end-group
Finished building target: matrix_mult.elf
 
Invoking: ARM v7 Print Size
arm-none-eabi-size matrix_mult.elf  |tee "matrix_mult.elf.size"
   text	   data	    bss	    dec	    hex	filename
  23940	   1152	  22584	  47676	   ba3c	matrix_mult.elf
Finished building: matrix_mult.elf.size
 
21:59:07 **** Incremental Build of configuration Debug for project matrix_mult ****
make pre-build main-build 
a9-linaro-pre-build-step
 
make: Nothing to be done for 'main-build'.
22:00:00 **** Incremental Build of configuration Debug for project matrix_mult ****
make pre-build main-build 
a9-linaro-pre-build-step
 
make: Nothing to be done for 'main-build'.
22:05:06 **** Incremental Build of configuration Debug for project matrix_mult ****
make pre-build main-build 
a9-linaro-pre-build-step
 
make: Nothing to be done for 'main-build'.
22:10:02 **** Incremental Build of configuration Debug for project matrix_mult ****
make pre-build main-build 
a9-linaro-pre-build-step
 
make: Nothing to be done for 'main-build'.
22:11:58 **** Incremental Build of configuration Debug for project matrix_mult ****
make pre-build main-build 
a9-linaro-pre-build-step
 
Building file: ../src/matrix_mult.c
Invoking: ARM v7 gcc compiler
arm-none-eabi-gcc -Wall -O0 -g3 -c -fmessage-length=0 -MT"src/matrix_mult.o" -mcpu=cortex-a9 -mfpu=vfpv3 -mfloat-abi=hard -I../../matrix_mult_bsp/ps7_cortexa9_0/include -MMD -MP -MF"src/matrix_mult.d" -MT"src/matrix_mult.o" -o "src/matrix_mult.o" "../src/matrix_mult.c"
../src/matrix_mult.c: In function 'main':
../src/matrix_mult.c:19:8: warning: unused variable 'in_mat_b' [-Wunused-variable]
  mat_b in_mat_b[IN_B_ROWS][IN_B_COLS] = {
        ^~~~~~~~
../src/matrix_mult.c:12:8: warning: unused variable 'in_mat_a' [-Wunused-variable]
  mat_a in_mat_a[IN_A_ROWS][IN_A_COLS] = {
        ^~~~~~~~
../src/matrix_mult.c:10:6: warning: variable 'b' set but not used [-Wunused-but-set-variable]
  int b = 5;
      ^
../src/matrix_mult.c:9:6: warning: variable 'a' set but not used [-Wunused-but-set-variable]
  int a = 5;
      ^
Finished building: ../src/matrix_mult.c
 
Building target: matrix_mult.elf
Invoking: ARM v7 gcc linker
arm-none-eabi-gcc -mcpu=cortex-a9 -mfpu=vfpv3 -mfloat-abi=hard -Wl,-build-id=none -specs=Xilinx.spec -Wl,-T -Wl,../src/lscript.ld -L../../matrix_mult_bsp/ps7_cortexa9_0/lib -o "matrix_mult.elf"  ./src/matrix_mult.o   -Wl,--start-group,-lxil,-lgcc,-lc,--end-group
Finished building target: matrix_mult.elf
 
Invoking: ARM v7 Print Size
arm-none-eabi-size matrix_mult.elf  |tee "matrix_mult.elf.size"
   text	   data	    bss	    dec	    hex	filename
  23940	   1152	  22584	  47676	   ba3c	matrix_mult.elf
Finished building: matrix_mult.elf.size
 
22:16:52 **** Auto Build of configuration Debug for project matrix_mult ****
make pre-build main-build 
a9-linaro-pre-build-step
 
Building file: ../src/matrix_mult.c
Invoking: ARM v7 gcc compiler
arm-none-eabi-gcc -Wall -O0 -g3 -c -fmessage-length=0 -MT"src/matrix_mult.o" -mcpu=cortex-a9 -mfpu=vfpv3 -mfloat-abi=hard -I../../matrix_mult_bsp/ps7_cortexa9_0/include -MMD -MP -MF"src/matrix_mult.d" -MT"src/matrix_mult.o" -o "src/matrix_mult.o" "../src/matrix_mult.c"
../src/matrix_mult.c: In function 'main':
../src/matrix_mult.c:19:8: warning: unused variable 'in_mat_b' [-Wunused-variable]
  mat_b in_mat_b[IN_B_ROWS][IN_B_COLS] = {
        ^~~~~~~~
../src/matrix_mult.c:12:8: warning: unused variable 'in_mat_a' [-Wunused-variable]
  mat_a in_mat_a[IN_A_ROWS][IN_A_COLS] = {
        ^~~~~~~~
../src/matrix_mult.c:10:6: warning: variable 'b' set but not used [-Wunused-but-set-variable]
  int b = 5;
      ^
../src/matrix_mult.c:9:6: warning: variable 'a' set but not used [-Wunused-but-set-variable]
  int a = 5;
      ^
Finished building: ../src/matrix_mult.c
 
Building target: matrix_mult.elf
Invoking: ARM v7 gcc linker
arm-none-eabi-gcc -mcpu=cortex-a9 -mfpu=vfpv3 -mfloat-abi=hard -Wl,-build-id=none -specs=Xilinx.spec -Wl,-T -Wl,../src/lscript.ld -L../../matrix_mult_bsp/ps7_cortexa9_0/lib -o "matrix_mult.elf"  ./src/matrix_mult.o   -Wl,--start-group,-lxil,-lgcc,-lc,--end-group
Finished building target: matrix_mult.elf
 
Invoking: ARM v7 Print Size
arm-none-eabi-size matrix_mult.elf  |tee "matrix_mult.elf.size"
   text	   data	    bss	    dec	    hex	filename
  23940	   1152	  22584	  47676	   ba3c	matrix_mult.elf
Finished building: matrix_mult.elf.size
 
22:17:18 **** Auto Build of configuration Debug for project matrix_mult ****
make pre-build main-build 
a9-linaro-pre-build-step
 
Building file: ../src/matrix_mult.c
Invoking: ARM v7 gcc compiler
arm-none-eabi-gcc -Wall -O0 -g3 -c -fmessage-length=0 -MT"src/matrix_mult.o" -mcpu=cortex-a9 -mfpu=vfpv3 -mfloat-abi=hard -I../../matrix_mult_bsp/ps7_cortexa9_0/include -MMD -MP -MF"src/matrix_mult.d" -MT"src/matrix_mult.o" -o "src/matrix_mult.o" "../src/matrix_mult.c"
../src/matrix_mult.c: In function 'main':
../src/matrix_mult.c:19:8: warning: unused variable 'in_mat_b' [-Wunused-variable]
  mat_b in_mat_b[IN_B_ROWS][IN_B_COLS] = {
        ^~~~~~~~
../src/matrix_mult.c:12:8: warning: unused variable 'in_mat_a' [-Wunused-variable]
  mat_a in_mat_a[IN_A_ROWS][IN_A_COLS] = {
        ^~~~~~~~
../src/matrix_mult.c:10:6: warning: variable 'b' set but not used [-Wunused-but-set-variable]
  int b = 5;
      ^
../src/matrix_mult.c:9:6: warning: variable 'a' set but not used [-Wunused-but-set-variable]
  int a = 5;
      ^
Finished building: ../src/matrix_mult.c
 
Building target: matrix_mult.elf
Invoking: ARM v7 gcc linker
arm-none-eabi-gcc -mcpu=cortex-a9 -mfpu=vfpv3 -mfloat-abi=hard -Wl,-build-id=none -specs=Xilinx.spec -Wl,-T -Wl,../src/lscript.ld -L../../matrix_mult_bsp/ps7_cortexa9_0/lib -o "matrix_mult.elf"  ./src/matrix_mult.o   -Wl,--start-group,-lxil,-lgcc,-lc,--end-group
Finished building target: matrix_mult.elf
 
Invoking: ARM v7 Print Size
arm-none-eabi-size matrix_mult.elf  |tee "matrix_mult.elf.size"
   text	   data	    bss	    dec	    hex	filename
  23960	   1152	  22584	  47696	   ba50	matrix_mult.elf
Finished building: matrix_mult.elf.size
 
22:17:32 **** Incremental Build of configuration Debug for project matrix_mult ****
make pre-build main-build 
a9-linaro-pre-build-step
 
make: Nothing to be done for 'main-build'.
22:17:56 **** Incremental Build of configuration Debug for project matrix_mult ****
make pre-build main-build 
a9-linaro-pre-build-step
 
make: Nothing to be done for 'main-build'.
22:20:43 **** Auto Build of configuration Debug for project matrix_mult ****
make pre-build main-build 
a9-linaro-pre-build-step
 
Building file: ../src/matrix_mult.c
Invoking: ARM v7 gcc compiler
arm-none-eabi-gcc -Wall -O0 -g3 -c -fmessage-length=0 -MT"src/matrix_mult.o" -mcpu=cortex-a9 -mfpu=vfpv3 -mfloat-abi=hard -I../../matrix_mult_bsp/ps7_cortexa9_0/include -MMD -MP -MF"src/matrix_mult.d" -MT"src/matrix_mult.o" -o "src/matrix_mult.o" "../src/matrix_mult.c"
../src/matrix_mult.c: In function 'main':
../src/matrix_mult.c:29:47: warning: passing argument 3 of 'XMatrix_mult_Write_a_Bytes' from incompatible pointer type [-Wincompatible-pointer-types]
     b = XMatrix_mult_Write_a_Bytes(&multi, 0, &in_mat_a, IN_A_ROWS*IN_A_COLS);
                                               ^
In file included from ../src/matrix_mult.c:3:0:
../../matrix_mult_bsp/ps7_cortexa9_0/include/xmatrix_mult.h:91:5: note: expected 'char *' but argument is of type 'mat_a (*)[5][5] {aka char (*)[5][5]}'
 u32 XMatrix_mult_Write_a_Bytes(XMatrix_mult *InstancePtr, int offset, char *data, int length);
     ^~~~~~~~~~~~~~~~~~~~~~~~~~
../src/matrix_mult.c:19:8: warning: unused variable 'in_mat_b' [-Wunused-variable]
  mat_b in_mat_b[IN_B_ROWS][IN_B_COLS] = {
        ^~~~~~~~
../src/matrix_mult.c:10:6: warning: variable 'b' set but not used [-Wunused-but-set-variable]
  int b = 5;
      ^
../src/matrix_mult.c:9:6: warning: variable 'a' set but not used [-Wunused-but-set-variable]
  int a = 5;
      ^
Finished building: ../src/matrix_mult.c
 
Building target: matrix_mult.elf
Invoking: ARM v7 gcc linker
arm-none-eabi-gcc -mcpu=cortex-a9 -mfpu=vfpv3 -mfloat-abi=hard -Wl,-build-id=none -specs=Xilinx.spec -Wl,-T -Wl,../src/lscript.ld -L../../matrix_mult_bsp/ps7_cortexa9_0/lib -o "matrix_mult.elf"  ./src/matrix_mult.o   -Wl,--start-group,-lxil,-lgcc,-lc,--end-group
Finished building target: matrix_mult.elf
 
Invoking: ARM v7 Print Size
arm-none-eabi-size matrix_mult.elf  |tee "matrix_mult.elf.size"
   text	   data	    bss	    dec	    hex	filename
  23968	   1152	  22584	  47704	   ba58	matrix_mult.elf
Finished building: matrix_mult.elf.size
 
22:21:24 **** Auto Build of configuration Debug for project matrix_mult ****
make pre-build main-build 
a9-linaro-pre-build-step
 
Building file: ../src/matrix_mult.c
Invoking: ARM v7 gcc compiler
arm-none-eabi-gcc -Wall -O0 -g3 -c -fmessage-length=0 -MT"src/matrix_mult.o" -mcpu=cortex-a9 -mfpu=vfpv3 -mfloat-abi=hard -I../../matrix_mult_bsp/ps7_cortexa9_0/include -MMD -MP -MF"src/matrix_mult.d" -MT"src/matrix_mult.o" -o "src/matrix_mult.o" "../src/matrix_mult.c"
../src/matrix_mult.c: In function 'main':
../src/matrix_mult.c:29:47: warning: passing argument 3 of 'XMatrix_mult_Write_a_Bytes' from incompatible pointer type [-Wincompatible-pointer-types]
     b = XMatrix_mult_Write_a_Bytes(&multi, 0, &in_mat_a, 25);
                                               ^
In file included from ../src/matrix_mult.c:3:0:
../../matrix_mult_bsp/ps7_cortexa9_0/include/xmatrix_mult.h:91:5: note: expected 'char *' but argument is of type 'mat_a (*)[5][5] {aka char (*)[5][5]}'
 u32 XMatrix_mult_Write_a_Bytes(XMatrix_mult *InstancePtr, int offset, char *data, int length);
     ^~~~~~~~~~~~~~~~~~~~~~~~~~
../src/matrix_mult.c:19:8: warning: unused variable 'in_mat_b' [-Wunused-variable]
  mat_b in_mat_b[IN_B_ROWS][IN_B_COLS] = {
        ^~~~~~~~
../src/matrix_mult.c:10:6: warning: variable 'b' set but not used [-Wunused-but-set-variable]
  int b = 5;
      ^
../src/matrix_mult.c:9:6: warning: variable 'a' set but not used [-Wunused-but-set-variable]
  int a = 5;
      ^
Finished building: ../src/matrix_mult.c
 
Building target: matrix_mult.elf
Invoking: ARM v7 gcc linker
arm-none-eabi-gcc -mcpu=cortex-a9 -mfpu=vfpv3 -mfloat-abi=hard -Wl,-build-id=none -specs=Xilinx.spec -Wl,-T -Wl,../src/lscript.ld -L../../matrix_mult_bsp/ps7_cortexa9_0/lib -o "matrix_mult.elf"  ./src/matrix_mult.o   -Wl,--start-group,-lxil,-lgcc,-lc,--end-group
Finished building target: matrix_mult.elf
 
Invoking: ARM v7 Print Size
arm-none-eabi-size matrix_mult.elf  |tee "matrix_mult.elf.size"
   text	   data	    bss	    dec	    hex	filename
  23968	   1152	  22584	  47704	   ba58	matrix_mult.elf
Finished building: matrix_mult.elf.size
 
22:22:44 **** Auto Build of configuration Debug for project matrix_mult ****
make pre-build main-build 
a9-linaro-pre-build-step
 
Building file: ../src/matrix_mult.c
Invoking: ARM v7 gcc compiler
arm-none-eabi-gcc -Wall -O0 -g3 -c -fmessage-length=0 -MT"src/matrix_mult.o" -mcpu=cortex-a9 -mfpu=vfpv3 -mfloat-abi=hard -I../../matrix_mult_bsp/ps7_cortexa9_0/include -MMD -MP -MF"src/matrix_mult.d" -MT"src/matrix_mult.o" -o "src/matrix_mult.o" "../src/matrix_mult.c"
../src/matrix_mult.c: In function 'main':
../src/matrix_mult.c:19:8: warning: unused variable 'in_mat_b' [-Wunused-variable]
  mat_b in_mat_b[IN_B_ROWS][IN_B_COLS] = {
        ^~~~~~~~
../src/matrix_mult.c:10:6: warning: variable 'b' set but not used [-Wunused-but-set-variable]
  int b = 5;
      ^
../src/matrix_mult.c:9:6: warning: variable 'a' set but not used [-Wunused-but-set-variable]
  int a = 5;
      ^
Finished building: ../src/matrix_mult.c
 
Building target: matrix_mult.elf
Invoking: ARM v7 gcc linker
arm-none-eabi-gcc -mcpu=cortex-a9 -mfpu=vfpv3 -mfloat-abi=hard -Wl,-build-id=none -specs=Xilinx.spec -Wl,-T -Wl,../src/lscript.ld -L../../matrix_mult_bsp/ps7_cortexa9_0/lib -o "matrix_mult.elf"  ./src/matrix_mult.o   -Wl,--start-group,-lxil,-lgcc,-lc,--end-group
Finished building target: matrix_mult.elf
 
Invoking: ARM v7 Print Size
arm-none-eabi-size matrix_mult.elf  |tee "matrix_mult.elf.size"
   text	   data	    bss	    dec	    hex	filename
  23968	   1152	  22584	  47704	   ba58	matrix_mult.elf
Finished building: matrix_mult.elf.size
 
22:23:03 **** Auto Build of configuration Debug for project matrix_mult ****
make pre-build main-build 
a9-linaro-pre-build-step
 
Building file: ../src/matrix_mult.c
Invoking: ARM v7 gcc compiler
arm-none-eabi-gcc -Wall -O0 -g3 -c -fmessage-length=0 -MT"src/matrix_mult.o" -mcpu=cortex-a9 -mfpu=vfpv3 -mfloat-abi=hard -I../../matrix_mult_bsp/ps7_cortexa9_0/include -MMD -MP -MF"src/matrix_mult.d" -MT"src/matrix_mult.o" -o "src/matrix_mult.o" "../src/matrix_mult.c"
../src/matrix_mult.c: In function 'main':
../src/matrix_mult.c:19:8: warning: unused variable 'in_mat_b' [-Wunused-variable]
  mat_b in_mat_b[IN_B_ROWS][IN_B_COLS] = {
        ^~~~~~~~
../src/matrix_mult.c:10:6: warning: variable 'b' set but not used [-Wunused-but-set-variable]
  int b = 5;
      ^
../src/matrix_mult.c:9:6: warning: variable 'a' set but not used [-Wunused-but-set-variable]
  int a = 5;
      ^
Finished building: ../src/matrix_mult.c
 
Building target: matrix_mult.elf
Invoking: ARM v7 gcc linker
arm-none-eabi-gcc -mcpu=cortex-a9 -mfpu=vfpv3 -mfloat-abi=hard -Wl,-build-id=none -specs=Xilinx.spec -Wl,-T -Wl,../src/lscript.ld -L../../matrix_mult_bsp/ps7_cortexa9_0/lib -o "matrix_mult.elf"  ./src/matrix_mult.o   -Wl,--start-group,-lxil,-lgcc,-lc,--end-group
Finished building target: matrix_mult.elf
 
Invoking: ARM v7 Print Size
arm-none-eabi-size matrix_mult.elf  |tee "matrix_mult.elf.size"
   text	   data	    bss	    dec	    hex	filename
  23968	   1152	  22584	  47704	   ba58	matrix_mult.elf
Finished building: matrix_mult.elf.size
 
22:25:01 **** Auto Build of configuration Debug for project matrix_mult ****
make pre-build main-build 
a9-linaro-pre-build-step
 
Building file: ../src/matrix_mult.c
Invoking: ARM v7 gcc compiler
arm-none-eabi-gcc -Wall -O0 -g3 -c -fmessage-length=0 -MT"src/matrix_mult.o" -mcpu=cortex-a9 -mfpu=vfpv3 -mfloat-abi=hard -I../../matrix_mult_bsp/ps7_cortexa9_0/include -MMD -MP -MF"src/matrix_mult.d" -MT"src/matrix_mult.o" -o "src/matrix_mult.o" "../src/matrix_mult.c"
../src/matrix_mult.c: In function 'main':
../src/matrix_mult.c:19:8: warning: unused variable 'in_mat_b' [-Wunused-variable]
  mat_b in_mat_b[IN_B_ROWS][IN_B_COLS] = {
        ^~~~~~~~
../src/matrix_mult.c:10:6: warning: variable 'b' set but not used [-Wunused-but-set-variable]
  int b = 5;
      ^
../src/matrix_mult.c:9:6: warning: variable 'a' set but not used [-Wunused-but-set-variable]
  int a = 5;
      ^
Finished building: ../src/matrix_mult.c
 
Building target: matrix_mult.elf
Invoking: ARM v7 gcc linker
arm-none-eabi-gcc -mcpu=cortex-a9 -mfpu=vfpv3 -mfloat-abi=hard -Wl,-build-id=none -specs=Xilinx.spec -Wl,-T -Wl,../src/lscript.ld -L../../matrix_mult_bsp/ps7_cortexa9_0/lib -o "matrix_mult.elf"  ./src/matrix_mult.o   -Wl,--start-group,-lxil,-lgcc,-lc,--end-group
Finished building target: matrix_mult.elf
 
Invoking: ARM v7 Print Size
arm-none-eabi-size matrix_mult.elf  |tee "matrix_mult.elf.size"
   text	   data	    bss	    dec	    hex	filename
  23988	   1152	  22584	  47724	   ba6c	matrix_mult.elf
Finished building: matrix_mult.elf.size
 
22:25:09 **** Incremental Build of configuration Debug for project matrix_mult ****
make pre-build main-build 
a9-linaro-pre-build-step
 
make: Nothing to be done for 'main-build'.
22:25:40 **** Incremental Build of configuration Debug for project matrix_mult ****
make pre-build main-build 
a9-linaro-pre-build-step
 
make: Nothing to be done for 'main-build'.
22:27:55 **** Auto Build of configuration Debug for project matrix_mult ****
make pre-build main-build 
a9-linaro-pre-build-step
 
Building file: ../src/matrix_mult.c
Invoking: ARM v7 gcc compiler
arm-none-eabi-gcc -Wall -O0 -g3 -c -fmessage-length=0 -MT"src/matrix_mult.o" -mcpu=cortex-a9 -mfpu=vfpv3 -mfloat-abi=hard -I../../matrix_mult_bsp/ps7_cortexa9_0/include -MMD -MP -MF"src/matrix_mult.d" -MT"src/matrix_mult.o" -o "src/matrix_mult.o" "../src/matrix_mult.c"
../src/matrix_mult.c: In function 'main':
../src/matrix_mult.c:19:8: warning: unused variable 'in_mat_b' [-Wunused-variable]
  mat_b in_mat_b[IN_B_ROWS][IN_B_COLS] = {
        ^~~~~~~~
../src/matrix_mult.c:10:6: warning: variable 'b' set but not used [-Wunused-but-set-variable]
  int b = 5;
      ^
../src/matrix_mult.c:9:6: warning: variable 'a' set but not used [-Wunused-but-set-variable]
  int a = 5;
      ^
Finished building: ../src/matrix_mult.c
 
Building target: matrix_mult.elf
Invoking: ARM v7 gcc linker
arm-none-eabi-gcc -mcpu=cortex-a9 -mfpu=vfpv3 -mfloat-abi=hard -Wl,-build-id=none -specs=Xilinx.spec -Wl,-T -Wl,../src/lscript.ld -L../../matrix_mult_bsp/ps7_cortexa9_0/lib -o "matrix_mult.elf"  ./src/matrix_mult.o   -Wl,--start-group,-lxil,-lgcc,-lc,--end-group
Finished building target: matrix_mult.elf
 
Invoking: ARM v7 Print Size
arm-none-eabi-size matrix_mult.elf  |tee "matrix_mult.elf.size"
   text	   data	    bss	    dec	    hex	filename
  24024	   1152	  22584	  47760	   ba90	matrix_mult.elf
Finished building: matrix_mult.elf.size
 
22:28:01 **** Incremental Build of configuration Debug for project matrix_mult ****
make pre-build main-build 
a9-linaro-pre-build-step
 
make: Nothing to be done for 'main-build'.
22:29:37 **** Auto Build of configuration Debug for project matrix_mult ****
make pre-build main-build 
a9-linaro-pre-build-step
 
Building file: ../src/matrix_mult.c
Invoking: ARM v7 gcc compiler
arm-none-eabi-gcc -Wall -O0 -g3 -c -fmessage-length=0 -MT"src/matrix_mult.o" -mcpu=cortex-a9 -mfpu=vfpv3 -mfloat-abi=hard -I../../matrix_mult_bsp/ps7_cortexa9_0/include -MMD -MP -MF"src/matrix_mult.d" -MT"src/matrix_mult.o" -o "src/matrix_mult.o" "../src/matrix_mult.c"
../src/matrix_mult.c: In function 'main':
../src/matrix_mult.c:38:47: warning: passing argument 3 of 'XMatrix_mult_Write_a_Bytes' makes pointer from integer without a cast [-Wint-conversion]
     b = XMatrix_mult_Write_a_Bytes(&multi, 0, in_mat_a[0][0], IN_A_ROWS*IN_A_COLS);
                                               ^~~~~~~~
In file included from ../src/matrix_mult.c:3:0:
../../matrix_mult_bsp/ps7_cortexa9_0/include/xmatrix_mult.h:91:5: note: expected 'char *' but argument is of type 'mat_a {aka char}'
 u32 XMatrix_mult_Write_a_Bytes(XMatrix_mult *InstancePtr, int offset, char *data, int length);
     ^~~~~~~~~~~~~~~~~~~~~~~~~~
../src/matrix_mult.c:19:8: warning: unused variable 'in_mat_b' [-Wunused-variable]
  mat_b in_mat_b[IN_B_ROWS][IN_B_COLS] = {
        ^~~~~~~~
../src/matrix_mult.c:10:6: warning: variable 'b' set but not used [-Wunused-but-set-variable]
  int b = 5;
      ^
../src/matrix_mult.c:9:6: warning: variable 'a' set but not used [-Wunused-but-set-variable]
  int a = 5;
      ^
Finished building: ../src/matrix_mult.c
 
Building target: matrix_mult.elf
Invoking: ARM v7 gcc linker
arm-none-eabi-gcc -mcpu=cortex-a9 -mfpu=vfpv3 -mfloat-abi=hard -Wl,-build-id=none -specs=Xilinx.spec -Wl,-T -Wl,../src/lscript.ld -L../../matrix_mult_bsp/ps7_cortexa9_0/lib -o "matrix_mult.elf"  ./src/matrix_mult.o   -Wl,--start-group,-lxil,-lgcc,-lc,--end-group
Finished building target: matrix_mult.elf
 
Invoking: ARM v7 Print Size
arm-none-eabi-size matrix_mult.elf  |tee "matrix_mult.elf.size"
   text	   data	    bss	    dec	    hex	filename
  24028	   1152	  22584	  47764	   ba94	matrix_mult.elf
Finished building: matrix_mult.elf.size
 
22:29:47 **** Auto Build of configuration Debug for project matrix_mult ****
make pre-build main-build 
a9-linaro-pre-build-step
 
Building file: ../src/matrix_mult.c
Invoking: ARM v7 gcc compiler
arm-none-eabi-gcc -Wall -O0 -g3 -c -fmessage-length=0 -MT"src/matrix_mult.o" -mcpu=cortex-a9 -mfpu=vfpv3 -mfloat-abi=hard -I../../matrix_mult_bsp/ps7_cortexa9_0/include -MMD -MP -MF"src/matrix_mult.d" -MT"src/matrix_mult.o" -o "src/matrix_mult.o" "../src/matrix_mult.c"
../src/matrix_mult.c: In function 'main':
../src/matrix_mult.c:19:8: warning: unused variable 'in_mat_b' [-Wunused-variable]
  mat_b in_mat_b[IN_B_ROWS][IN_B_COLS] = {
        ^~~~~~~~
../src/matrix_mult.c:10:6: warning: variable 'b' set but not used [-Wunused-but-set-variable]
  int b = 5;
      ^
../src/matrix_mult.c:9:6: warning: variable 'a' set but not used [-Wunused-but-set-variable]
  int a = 5;
      ^
Finished building: ../src/matrix_mult.c
 
Building target: matrix_mult.elf
Invoking: ARM v7 gcc linker
arm-none-eabi-gcc -mcpu=cortex-a9 -mfpu=vfpv3 -mfloat-abi=hard -Wl,-build-id=none -specs=Xilinx.spec -Wl,-T -Wl,../src/lscript.ld -L../../matrix_mult_bsp/ps7_cortexa9_0/lib -o "matrix_mult.elf"  ./src/matrix_mult.o   -Wl,--start-group,-lxil,-lgcc,-lc,--end-group
Finished building target: matrix_mult.elf
 
Invoking: ARM v7 Print Size
arm-none-eabi-size matrix_mult.elf  |tee "matrix_mult.elf.size"
   text	   data	    bss	    dec	    hex	filename
  24024	   1152	  22584	  47760	   ba90	matrix_mult.elf
Finished building: matrix_mult.elf.size
 
22:30:03 **** Incremental Build of configuration Debug for project matrix_mult ****
make pre-build main-build 
a9-linaro-pre-build-step
 
make: Nothing to be done for 'main-build'.
22:33:58 **** Incremental Build of configuration Debug for project matrix_mult ****
make pre-build main-build 
a9-linaro-pre-build-step
 
make: Nothing to be done for 'main-build'.
22:37:35 **** Auto Build of configuration Debug for project matrix_mult ****
make pre-build main-build 
a9-linaro-pre-build-step
 
Building file: ../src/matrix_mult.c
Invoking: ARM v7 gcc compiler
arm-none-eabi-gcc -Wall -O0 -g3 -c -fmessage-length=0 -MT"src/matrix_mult.o" -mcpu=cortex-a9 -mfpu=vfpv3 -mfloat-abi=hard -I../../matrix_mult_bsp/ps7_cortexa9_0/include -MMD -MP -MF"src/matrix_mult.d" -MT"src/matrix_mult.o" -o "src/matrix_mult.o" "../src/matrix_mult.c"
../src/matrix_mult.c: In function 'main':
../src/matrix_mult.c:19:8: warning: unused variable 'in_mat_b' [-Wunused-variable]
  mat_b in_mat_b[IN_B_ROWS][IN_B_COLS] = {
        ^~~~~~~~
../src/matrix_mult.c:10:6: warning: variable 'b' set but not used [-Wunused-but-set-variable]
  int b = 5;
      ^
../src/matrix_mult.c:9:6: warning: variable 'a' set but not used [-Wunused-but-set-variable]
  int a = 5;
      ^
Finished building: ../src/matrix_mult.c
 
Building target: matrix_mult.elf
Invoking: ARM v7 gcc linker
arm-none-eabi-gcc -mcpu=cortex-a9 -mfpu=vfpv3 -mfloat-abi=hard -Wl,-build-id=none -specs=Xilinx.spec -Wl,-T -Wl,../src/lscript.ld -L../../matrix_mult_bsp/ps7_cortexa9_0/lib -o "matrix_mult.elf"  ./src/matrix_mult.o   -Wl,--start-group,-lxil,-lgcc,-lc,--end-group
Finished building target: matrix_mult.elf
 
Invoking: ARM v7 Print Size
arm-none-eabi-size matrix_mult.elf  |tee "matrix_mult.elf.size"
   text	   data	    bss	    dec	    hex	filename
  24088	   1152	  22584	  47824	   bad0	matrix_mult.elf
Finished building: matrix_mult.elf.size
 
22:37:48 **** Incremental Build of configuration Debug for project matrix_mult ****
make pre-build main-build 
a9-linaro-pre-build-step
 
make: Nothing to be done for 'main-build'.
22:38:18 **** Incremental Build of configuration Debug for project matrix_mult ****
make pre-build main-build 
a9-linaro-pre-build-step
 
make: Nothing to be done for 'main-build'.
22:38:31 **** Incremental Build of configuration Debug for project matrix_mult ****
make pre-build main-build 
a9-linaro-pre-build-step
 
make: Nothing to be done for 'main-build'.
22:38:55 **** Incremental Build of configuration Debug for project matrix_mult ****
make pre-build main-build 
a9-linaro-pre-build-step
 
make: Nothing to be done for 'main-build'.
22:41:20 **** Auto Build of configuration Debug for project matrix_mult ****
make pre-build main-build 
a9-linaro-pre-build-step
 
Building file: ../src/matrix_mult.c
Invoking: ARM v7 gcc compiler
arm-none-eabi-gcc -Wall -O0 -g3 -c -fmessage-length=0 -MT"src/matrix_mult.o" -mcpu=cortex-a9 -mfpu=vfpv3 -mfloat-abi=hard -I../../matrix_mult_bsp/ps7_cortexa9_0/include -MMD -MP -MF"src/matrix_mult.d" -MT"src/matrix_mult.o" -o "src/matrix_mult.o" "../src/matrix_mult.c"
../src/matrix_mult.c: In function 'main':
../src/matrix_mult.c:19:8: warning: unused variable 'in_mat_b' [-Wunused-variable]
  mat_b in_mat_b[IN_B_ROWS][IN_B_COLS] = {
        ^~~~~~~~
../src/matrix_mult.c:10:6: warning: variable 'b' set but not used [-Wunused-but-set-variable]
  int b = 5;
      ^
../src/matrix_mult.c:9:6: warning: variable 'a' set but not used [-Wunused-but-set-variable]
  int a = 5;
      ^
Finished building: ../src/matrix_mult.c
 
Building target: matrix_mult.elf
Invoking: ARM v7 gcc linker
arm-none-eabi-gcc -mcpu=cortex-a9 -mfpu=vfpv3 -mfloat-abi=hard -Wl,-build-id=none -specs=Xilinx.spec -Wl,-T -Wl,../src/lscript.ld -L../../matrix_mult_bsp/ps7_cortexa9_0/lib -o "matrix_mult.elf"  ./src/matrix_mult.o   -Wl,--start-group,-lxil,-lgcc,-lc,--end-group
Finished building target: matrix_mult.elf
 
Invoking: ARM v7 Print Size
arm-none-eabi-size matrix_mult.elf  |tee "matrix_mult.elf.size"
   text	   data	    bss	    dec	    hex	filename
  24080	   1152	  22584	  47816	   bac8	matrix_mult.elf
Finished building: matrix_mult.elf.size
 
22:41:36 **** Auto Build of configuration Debug for project matrix_mult ****
make pre-build main-build 
a9-linaro-pre-build-step
 
Building file: ../src/matrix_mult.c
Invoking: ARM v7 gcc compiler
arm-none-eabi-gcc -Wall -O0 -g3 -c -fmessage-length=0 -MT"src/matrix_mult.o" -mcpu=cortex-a9 -mfpu=vfpv3 -mfloat-abi=hard -I../../matrix_mult_bsp/ps7_cortexa9_0/include -MMD -MP -MF"src/matrix_mult.d" -MT"src/matrix_mult.o" -o "src/matrix_mult.o" "../src/matrix_mult.c"
../src/matrix_mult.c: In function 'main':
../src/matrix_mult.c:19:8: warning: unused variable 'in_mat_b' [-Wunused-variable]
  mat_b in_mat_b[IN_B_ROWS][IN_B_COLS] = {
        ^~~~~~~~
../src/matrix_mult.c:10:6: warning: variable 'b' set but not used [-Wunused-but-set-variable]
  int b = 5;
      ^
../src/matrix_mult.c:9:6: warning: variable 'a' set but not used [-Wunused-but-set-variable]
  int a = 5;
      ^
Finished building: ../src/matrix_mult.c
 
Building target: matrix_mult.elf
Invoking: ARM v7 gcc linker
arm-none-eabi-gcc -mcpu=cortex-a9 -mfpu=vfpv3 -mfloat-abi=hard -Wl,-build-id=none -specs=Xilinx.spec -Wl,-T -Wl,../src/lscript.ld -L../../matrix_mult_bsp/ps7_cortexa9_0/lib -o "matrix_mult.elf"  ./src/matrix_mult.o   -Wl,--start-group,-lxil,-lgcc,-lc,--end-group
Finished building target: matrix_mult.elf
 
Invoking: ARM v7 Print Size
arm-none-eabi-size matrix_mult.elf  |tee "matrix_mult.elf.size"
   text	   data	    bss	    dec	    hex	filename
  24080	   1152	  22584	  47816	   bac8	matrix_mult.elf
Finished building: matrix_mult.elf.size
 
22:42:42 **** Auto Build of configuration Debug for project matrix_mult ****
make pre-build main-build 
a9-linaro-pre-build-step
 
Building file: ../src/matrix_mult.c
Invoking: ARM v7 gcc compiler
arm-none-eabi-gcc -Wall -O0 -g3 -c -fmessage-length=0 -MT"src/matrix_mult.o" -mcpu=cortex-a9 -mfpu=vfpv3 -mfloat-abi=hard -I../../matrix_mult_bsp/ps7_cortexa9_0/include -MMD -MP -MF"src/matrix_mult.d" -MT"src/matrix_mult.o" -o "src/matrix_mult.o" "../src/matrix_mult.c"
../src/matrix_mult.c: In function 'main':
../src/matrix_mult.c:19:8: warning: unused variable 'in_mat_b' [-Wunused-variable]
  mat_b in_mat_b[IN_B_ROWS][IN_B_COLS] = {
        ^~~~~~~~
../src/matrix_mult.c:10:6: warning: variable 'b' set but not used [-Wunused-but-set-variable]
  int b = 5;
      ^
../src/matrix_mult.c:9:6: warning: variable 'a' set but not used [-Wunused-but-set-variable]
  int a = 5;
      ^
Finished building: ../src/matrix_mult.c
 
Building target: matrix_mult.elf
Invoking: ARM v7 gcc linker
arm-none-eabi-gcc -mcpu=cortex-a9 -mfpu=vfpv3 -mfloat-abi=hard -Wl,-build-id=none -specs=Xilinx.spec -Wl,-T -Wl,../src/lscript.ld -L../../matrix_mult_bsp/ps7_cortexa9_0/lib -o "matrix_mult.elf"  ./src/matrix_mult.o   -Wl,--start-group,-lxil,-lgcc,-lc,--end-group
Finished building target: matrix_mult.elf
 
Invoking: ARM v7 Print Size
arm-none-eabi-size matrix_mult.elf  |tee "matrix_mult.elf.size"
   text	   data	    bss	    dec	    hex	filename
  24080	   1152	  22584	  47816	   bac8	matrix_mult.elf
Finished building: matrix_mult.elf.size
 
22:42:57 **** Incremental Build of configuration Debug for project matrix_mult ****
make pre-build main-build 
a9-linaro-pre-build-step
 
make: Nothing to be done for 'main-build'.
22:43:26 **** Incremental Build of configuration Debug for project matrix_mult ****
make pre-build main-build 
a9-linaro-pre-build-step
 
make: Nothing to be done for 'main-build'.
22:50:43 **** Auto Build of configuration Debug for project matrix_mult ****
make pre-build main-build 
a9-linaro-pre-build-step
 
Building file: ../src/matrix_mult.c
Invoking: ARM v7 gcc compiler
arm-none-eabi-gcc -Wall -O0 -g3 -c -fmessage-length=0 -MT"src/matrix_mult.o" -mcpu=cortex-a9 -mfpu=vfpv3 -mfloat-abi=hard -I../../matrix_mult_bsp/ps7_cortexa9_0/include -MMD -MP -MF"src/matrix_mult.d" -MT"src/matrix_mult.o" -o "src/matrix_mult.o" "../src/matrix_mult.c"
../src/matrix_mult.c: In function 'main':
../src/matrix_mult.c:19:8: warning: unused variable 'in_mat_b' [-Wunused-variable]
  mat_b in_mat_b[IN_B_ROWS][IN_B_COLS] = {
        ^~~~~~~~
../src/matrix_mult.c:10:6: warning: variable 'b' set but not used [-Wunused-but-set-variable]
  int b = 5;
      ^
../src/matrix_mult.c:9:6: warning: variable 'a' set but not used [-Wunused-but-set-variable]
  int a = 5;
      ^
Finished building: ../src/matrix_mult.c
 
Building target: matrix_mult.elf
Invoking: ARM v7 gcc linker
arm-none-eabi-gcc -mcpu=cortex-a9 -mfpu=vfpv3 -mfloat-abi=hard -Wl,-build-id=none -specs=Xilinx.spec -Wl,-T -Wl,../src/lscript.ld -L../../matrix_mult_bsp/ps7_cortexa9_0/lib -o "matrix_mult.elf"  ./src/matrix_mult.o   -Wl,--start-group,-lxil,-lgcc,-lc,--end-group
Finished building target: matrix_mult.elf
 
Invoking: ARM v7 Print Size
arm-none-eabi-size matrix_mult.elf  |tee "matrix_mult.elf.size"
   text	   data	    bss	    dec	    hex	filename
  24044	   1152	  22584	  47780	   baa4	matrix_mult.elf
Finished building: matrix_mult.elf.size
 
22:50:59 **** Incremental Build of configuration Debug for project matrix_mult ****
make pre-build main-build 
a9-linaro-pre-build-step
 
make: Nothing to be done for 'main-build'.
22:52:23 **** Auto Build of configuration Debug for project matrix_mult ****
make pre-build main-build 
a9-linaro-pre-build-step
 
Building file: ../src/matrix_mult.c
Invoking: ARM v7 gcc compiler
arm-none-eabi-gcc -Wall -O0 -g3 -c -fmessage-length=0 -MT"src/matrix_mult.o" -mcpu=cortex-a9 -mfpu=vfpv3 -mfloat-abi=hard -I../../matrix_mult_bsp/ps7_cortexa9_0/include -MMD -MP -MF"src/matrix_mult.d" -MT"src/matrix_mult.o" -o "src/matrix_mult.o" "../src/matrix_mult.c"
../src/matrix_mult.c: In function 'main':
../src/matrix_mult.c:19:8: warning: unused variable 'in_mat_b' [-Wunused-variable]
  mat_b in_mat_b[IN_B_ROWS][IN_B_COLS] = {
        ^~~~~~~~
../src/matrix_mult.c:10:6: warning: variable 'b' set but not used [-Wunused-but-set-variable]
  int b = 5;
      ^
../src/matrix_mult.c:9:6: warning: variable 'a' set but not used [-Wunused-but-set-variable]
  int a = 5;
      ^
Finished building: ../src/matrix_mult.c
 
Building target: matrix_mult.elf
Invoking: ARM v7 gcc linker
arm-none-eabi-gcc -mcpu=cortex-a9 -mfpu=vfpv3 -mfloat-abi=hard -Wl,-build-id=none -specs=Xilinx.spec -Wl,-T -Wl,../src/lscript.ld -L../../matrix_mult_bsp/ps7_cortexa9_0/lib -o "matrix_mult.elf"  ./src/matrix_mult.o   -Wl,--start-group,-lxil,-lgcc,-lc,--end-group
Finished building target: matrix_mult.elf
 
Invoking: ARM v7 Print Size
arm-none-eabi-size matrix_mult.elf  |tee "matrix_mult.elf.size"
   text	   data	    bss	    dec	    hex	filename
  24044	   1152	  22584	  47780	   baa4	matrix_mult.elf
Finished building: matrix_mult.elf.size
 
22:54:37 **** Auto Build of configuration Debug for project matrix_mult ****
make pre-build main-build 
a9-linaro-pre-build-step
 
Building file: ../src/matrix_mult.c
Invoking: ARM v7 gcc compiler
arm-none-eabi-gcc -Wall -O0 -g3 -c -fmessage-length=0 -MT"src/matrix_mult.o" -mcpu=cortex-a9 -mfpu=vfpv3 -mfloat-abi=hard -I../../matrix_mult_bsp/ps7_cortexa9_0/include -MMD -MP -MF"src/matrix_mult.d" -MT"src/matrix_mult.o" -o "src/matrix_mult.o" "../src/matrix_mult.c"
../src/matrix_mult.c: In function 'main':
../src/matrix_mult.c:27:8: warning: unused variable 'test' [-Wunused-variable]
  mat_a test[IN_A_ROWS][IN_A_COLS] = {
        ^~~~
../src/matrix_mult.c:10:6: warning: variable 'b' set but not used [-Wunused-but-set-variable]
  int b = 5;
      ^
../src/matrix_mult.c:9:6: warning: variable 'a' set but not used [-Wunused-but-set-variable]
  int a = 5;
      ^
Finished building: ../src/matrix_mult.c
 
Building target: matrix_mult.elf
Invoking: ARM v7 gcc linker
arm-none-eabi-gcc -mcpu=cortex-a9 -mfpu=vfpv3 -mfloat-abi=hard -Wl,-build-id=none -specs=Xilinx.spec -Wl,-T -Wl,../src/lscript.ld -L../../matrix_mult_bsp/ps7_cortexa9_0/lib -o "matrix_mult.elf"  ./src/matrix_mult.o   -Wl,--start-group,-lxil,-lgcc,-lc,--end-group
Finished building target: matrix_mult.elf
 
Invoking: ARM v7 Print Size
arm-none-eabi-size matrix_mult.elf  |tee "matrix_mult.elf.size"
   text	   data	    bss	    dec	    hex	filename
  24092	   1152	  22584	  47828	   bad4	matrix_mult.elf
Finished building: matrix_mult.elf.size
 
22:54:46 **** Incremental Build of configuration Debug for project matrix_mult ****
make pre-build main-build 
a9-linaro-pre-build-step
 
make: Nothing to be done for 'main-build'.
23:13:06 **** Auto Build of configuration Debug for project matrix_mult ****
make pre-build main-build 
a9-linaro-pre-build-step
 
Building file: ../src/matrix_mult.c
Invoking: ARM v7 gcc compiler
arm-none-eabi-gcc -Wall -O0 -g3 -c -fmessage-length=0 -MT"src/matrix_mult.o" -mcpu=cortex-a9 -mfpu=vfpv3 -mfloat-abi=hard -I../../matrix_mult_bsp/ps7_cortexa9_0/include -MMD -MP -MF"src/matrix_mult.d" -MT"src/matrix_mult.o" -o "src/matrix_mult.o" "../src/matrix_mult.c"
../src/matrix_mult.c: In function 'main':
../src/matrix_mult.c:50:15: error: expected expression before '{' token
     in_mat_a= {
               ^
../src/matrix_mult.c:57:16: error: expected expression before '{' token
     in_mat_b = {
                ^
../src/matrix_mult.c:27:8: warning: unused variable 'test' [-Wunused-variable]
  mat_a test[IN_A_ROWS][IN_A_COLS] = {
        ^~~~
../src/matrix_mult.c:10:6: warning: variable 'b' set but not used [-Wunused-but-set-variable]
  int b = 5;
      ^
../src/matrix_mult.c:9:6: warning: variable 'a' set but not used [-Wunused-but-set-variable]
  int a = 5;
      ^
src/subdir.mk:21: recipe for target 'src/matrix_mult.o' failed
make: *** [src/matrix_mult.o] Error 1
23:13:28 **** Auto Build of configuration Debug for project matrix_mult ****
make pre-build main-build 
a9-linaro-pre-build-step
 
Building file: ../src/matrix_mult.c
Invoking: ARM v7 gcc compiler
arm-none-eabi-gcc -Wall -O0 -g3 -c -fmessage-length=0 -MT"src/matrix_mult.o" -mcpu=cortex-a9 -mfpu=vfpv3 -mfloat-abi=hard -I../../matrix_mult_bsp/ps7_cortexa9_0/include -MMD -MP -MF"src/matrix_mult.d" -MT"src/matrix_mult.o" -o "src/matrix_mult.o" "../src/matrix_mult.c"
../src/matrix_mult.c: In function 'main':
../src/matrix_mult.c:50:12: error: redefinition of 'in_mat_a'
      mat_a in_mat_a[IN_A_ROWS][IN_A_COLS] = {
            ^~~~~~~~
../src/matrix_mult.c:12:8: note: previous definition of 'in_mat_a' was here
  mat_a in_mat_a[IN_A_ROWS][IN_A_COLS] = {
        ^~~~~~~~
../src/matrix_mult.c:57:11: error: redefinition of 'in_mat_b'
     mat_b in_mat_b[IN_B_ROWS][IN_B_COLS] = {
           ^~~~~~~~
../src/matrix_mult.c:19:8: note: previous definition of 'in_mat_b' was here
  mat_b in_mat_b[IN_B_ROWS][IN_B_COLS] = {
        ^~~~~~~~
../src/matrix_mult.c:57:11: warning: unused variable 'in_mat_b' [-Wunused-variable]
     mat_b in_mat_b[IN_B_ROWS][IN_B_COLS] = {
           ^~~~~~~~
../src/matrix_mult.c:50:12: warning: unused variable 'in_mat_a' [-Wunused-variable]
      mat_a in_mat_a[IN_A_ROWS][IN_A_COLS] = {
            ^~~~~~~~
../src/matrix_mult.c:27:8: warning: unused variable 'test' [-Wunused-variable]
  mat_a test[IN_A_ROWS][IN_A_COLS] = {
        ^~~~
../src/matrix_mult.c:10:6: warning: variable 'b' set but not used [-Wunused-but-set-variable]
  int b = 5;
      ^
../src/matrix_mult.c:9:6: warning: variable 'a' set but not used [-Wunused-but-set-variable]
  int a = 5;
      ^
make: *** [src/matrix_mult.o] Error 1
src/subdir.mk:21: recipe for target 'src/matrix_mult.o' failed
23:13:42 **** Auto Build of configuration Debug for project matrix_mult ****
make pre-build main-build 
a9-linaro-pre-build-step
 
Building file: ../src/matrix_mult.c
Invoking: ARM v7 gcc compiler
arm-none-eabi-gcc -Wall -O0 -g3 -c -fmessage-length=0 -MT"src/matrix_mult.o" -mcpu=cortex-a9 -mfpu=vfpv3 -mfloat-abi=hard -I../../matrix_mult_bsp/ps7_cortexa9_0/include -MMD -MP -MF"src/matrix_mult.d" -MT"src/matrix_mult.o" -o "src/matrix_mult.o" "../src/matrix_mult.c"
../src/matrix_mult.c: In function 'main':
../src/matrix_mult.c:57:11: warning: unused variable 'in_mat_bb' [-Wunused-variable]
     mat_b in_mat_bb[IN_B_ROWS][IN_B_COLS] = {
           ^~~~~~~~~
../src/matrix_mult.c:50:12: warning: unused variable 'in_mat_aa' [-Wunused-variable]
      mat_a in_mat_aa[IN_A_ROWS][IN_A_COLS] = {
            ^~~~~~~~~
../src/matrix_mult.c:27:8: warning: unused variable 'test' [-Wunused-variable]
  mat_a test[IN_A_ROWS][IN_A_COLS] = {
        ^~~~
../src/matrix_mult.c:10:6: warning: variable 'b' set but not used [-Wunused-but-set-variable]
  int b = 5;
      ^
../src/matrix_mult.c:9:6: warning: variable 'a' set but not used [-Wunused-but-set-variable]
  int a = 5;
      ^
Finished building: ../src/matrix_mult.c
 
Building target: matrix_mult.elf
Invoking: ARM v7 gcc linker
arm-none-eabi-gcc -mcpu=cortex-a9 -mfpu=vfpv3 -mfloat-abi=hard -Wl,-build-id=none -specs=Xilinx.spec -Wl,-T -Wl,../src/lscript.ld -L../../matrix_mult_bsp/ps7_cortexa9_0/lib -o "matrix_mult.elf"  ./src/matrix_mult.o   -Wl,--start-group,-lxil,-lgcc,-lc,--end-group
Finished building target: matrix_mult.elf
 
Invoking: ARM v7 Print Size
arm-none-eabi-size matrix_mult.elf  |tee "matrix_mult.elf.size"
   text	   data	    bss	    dec	    hex	filename
  24164	   1152	  22584	  47900	   bb1c	matrix_mult.elf
Finished building: matrix_mult.elf.size
 
23:14:42 **** Auto Build of configuration Debug for project matrix_mult ****
make pre-build main-build 
a9-linaro-pre-build-step
 
Building file: ../src/matrix_mult.c
Invoking: ARM v7 gcc compiler
arm-none-eabi-gcc -Wall -O0 -g3 -c -fmessage-length=0 -MT"src/matrix_mult.o" -mcpu=cortex-a9 -mfpu=vfpv3 -mfloat-abi=hard -I../../matrix_mult_bsp/ps7_cortexa9_0/include -MMD -MP -MF"src/matrix_mult.d" -MT"src/matrix_mult.o" -o "src/matrix_mult.o" "../src/matrix_mult.c"
../src/matrix_mult.c: In function 'main':
../src/matrix_mult.c:27:8: warning: unused variable 'test' [-Wunused-variable]
  mat_a test[IN_A_ROWS][IN_A_COLS] = {
        ^~~~
../src/matrix_mult.c:10:6: warning: variable 'b' set but not used [-Wunused-but-set-variable]
  int b = 5;
      ^
../src/matrix_mult.c:9:6: warning: variable 'a' set but not used [-Wunused-but-set-variable]
  int a = 5;
      ^
Finished building: ../src/matrix_mult.c
 
Building target: matrix_mult.elf
Invoking: ARM v7 gcc linker
arm-none-eabi-gcc -mcpu=cortex-a9 -mfpu=vfpv3 -mfloat-abi=hard -Wl,-build-id=none -specs=Xilinx.spec -Wl,-T -Wl,../src/lscript.ld -L../../matrix_mult_bsp/ps7_cortexa9_0/lib -o "matrix_mult.elf"  ./src/matrix_mult.o   -Wl,--start-group,-lxil,-lgcc,-lc,--end-group
Finished building target: matrix_mult.elf
 
Invoking: ARM v7 Print Size
arm-none-eabi-size matrix_mult.elf  |tee "matrix_mult.elf.size"
   text	   data	    bss	    dec	    hex	filename
  24280	   1152	  22584	  48016	   bb90	matrix_mult.elf
Finished building: matrix_mult.elf.size
 
23:14:54 **** Incremental Build of configuration Debug for project matrix_mult ****
make pre-build main-build 
a9-linaro-pre-build-step
 
make: Nothing to be done for 'main-build'.
23:15:45 **** Incremental Build of configuration Debug for project matrix_mult ****
make pre-build main-build 
a9-linaro-pre-build-step
 
make: Nothing to be done for 'main-build'.
23:18:03 **** Auto Build of configuration Debug for project matrix_mult ****
make pre-build main-build 
a9-linaro-pre-build-step
 
Building file: ../src/matrix_mult.c
Invoking: ARM v7 gcc compiler
arm-none-eabi-gcc -Wall -O0 -g3 -c -fmessage-length=0 -MT"src/matrix_mult.o" -mcpu=cortex-a9 -mfpu=vfpv3 -mfloat-abi=hard -I../../matrix_mult_bsp/ps7_cortexa9_0/include -MMD -MP -MF"src/matrix_mult.d" -MT"src/matrix_mult.o" -o "src/matrix_mult.o" "../src/matrix_mult.c"
../src/matrix_mult.c: In function 'main':
../src/matrix_mult.c:27:8: warning: unused variable 'test' [-Wunused-variable]
  mat_a test[IN_A_ROWS][IN_A_COLS] = {
        ^~~~
../src/matrix_mult.c:10:6: warning: variable 'b' set but not used [-Wunused-but-set-variable]
  int b = 5;
      ^
../src/matrix_mult.c:9:6: warning: variable 'a' set but not used [-Wunused-but-set-variable]
  int a = 5;
      ^
Finished building: ../src/matrix_mult.c
 
Building target: matrix_mult.elf
Invoking: ARM v7 gcc linker
arm-none-eabi-gcc -mcpu=cortex-a9 -mfpu=vfpv3 -mfloat-abi=hard -Wl,-build-id=none -specs=Xilinx.spec -Wl,-T -Wl,../src/lscript.ld -L../../matrix_mult_bsp/ps7_cortexa9_0/lib -o "matrix_mult.elf"  ./src/matrix_mult.o   -Wl,--start-group,-lxil,-lgcc,-lc,--end-group
Finished building target: matrix_mult.elf
 
Invoking: ARM v7 Print Size
arm-none-eabi-size matrix_mult.elf  |tee "matrix_mult.elf.size"
   text	   data	    bss	    dec	    hex	filename
  24360	   1152	  22584	  48096	   bbe0	matrix_mult.elf
Finished building: matrix_mult.elf.size
 
23:18:26 **** Incremental Build of configuration Debug for project matrix_mult ****
make pre-build main-build 
a9-linaro-pre-build-step
 
make: Nothing to be done for 'main-build'.
23:18:34 **** Incremental Build of configuration Debug for project matrix_mult ****
make pre-build main-build 
a9-linaro-pre-build-step
 
make: Nothing to be done for 'main-build'.
23:18:46 **** Incremental Build of configuration Debug for project matrix_mult ****
make pre-build main-build 
a9-linaro-pre-build-step
 
make: Nothing to be done for 'main-build'.
23:29:15 **** Auto Build of configuration Debug for project matrix_mult ****
make pre-build main-build 
a9-linaro-pre-build-step
 
Building file: ../src/matrix_mult.c
Invoking: ARM v7 gcc compiler
arm-none-eabi-gcc -Wall -O0 -g3 -c -fmessage-length=0 -MT"src/matrix_mult.o" -mcpu=cortex-a9 -mfpu=vfpv3 -mfloat-abi=hard -I../../matrix_mult_bsp/ps7_cortexa9_0/include -MMD -MP -MF"src/matrix_mult.d" -MT"src/matrix_mult.o" -o "src/matrix_mult.o" "../src/matrix_mult.c"
../src/matrix_mult.c: In function 'main':
../src/matrix_mult.c:27:8: warning: unused variable 'test' [-Wunused-variable]
  mat_a test[IN_A_ROWS][IN_A_COLS] = {
        ^~~~
../src/matrix_mult.c:10:6: warning: variable 'b' set but not used [-Wunused-but-set-variable]
  int b = 5;
      ^
../src/matrix_mult.c:9:6: warning: variable 'a' set but not used [-Wunused-but-set-variable]
  int a = 5;
      ^
Finished building: ../src/matrix_mult.c
 
Building target: matrix_mult.elf
Invoking: ARM v7 gcc linker
arm-none-eabi-gcc -mcpu=cortex-a9 -mfpu=vfpv3 -mfloat-abi=hard -Wl,-build-id=none -specs=Xilinx.spec -Wl,-T -Wl,../src/lscript.ld -L../../matrix_mult_bsp/ps7_cortexa9_0/lib -o "matrix_mult.elf"  ./src/matrix_mult.o   -Wl,--start-group,-lxil,-lgcc,-lc,--end-group
Finished building target: matrix_mult.elf
 
Invoking: ARM v7 Print Size
arm-none-eabi-size matrix_mult.elf  |tee "matrix_mult.elf.size"
   text	   data	    bss	    dec	    hex	filename
  24360	   1152	  22584	  48096	   bbe0	matrix_mult.elf
Finished building: matrix_mult.elf.size
 
23:29:21 **** Incremental Build of configuration Debug for project matrix_mult ****
make pre-build main-build 
a9-linaro-pre-build-step
 
make: Nothing to be done for 'main-build'.
23:29:47 **** Incremental Build of configuration Debug for project matrix_mult ****
make pre-build main-build 
a9-linaro-pre-build-step
 
make: Nothing to be done for 'main-build'.
23:51:27 **** Auto Build of configuration Debug for project matrix_mult ****
make pre-build main-build 
a9-linaro-pre-build-step
 
Building file: ../src/matrix_mult.c
Invoking: ARM v7 gcc compiler
arm-none-eabi-gcc -Wall -O0 -g3 -c -fmessage-length=0 -MT"src/matrix_mult.o" -mcpu=cortex-a9 -mfpu=vfpv3 -mfloat-abi=hard -I../../matrix_mult_bsp/ps7_cortexa9_0/include -MMD -MP -MF"src/matrix_mult.d" -MT"src/matrix_mult.o" -o "src/matrix_mult.o" "../src/matrix_mult.c"
../src/matrix_mult.c: In function 'main':
../src/matrix_mult.c:27:8: warning: unused variable 'test' [-Wunused-variable]
  mat_a test[IN_A_ROWS][IN_A_COLS] = {
        ^~~~
../src/matrix_mult.c:10:6: warning: variable 'b' set but not used [-Wunused-but-set-variable]
  int b = 5;
      ^
../src/matrix_mult.c:9:6: warning: variable 'a' set but not used [-Wunused-but-set-variable]
  int a = 5;
      ^
Finished building: ../src/matrix_mult.c
 
Building target: matrix_mult.elf
Invoking: ARM v7 gcc linker
arm-none-eabi-gcc -mcpu=cortex-a9 -mfpu=vfpv3 -mfloat-abi=hard -Wl,-build-id=none -specs=Xilinx.spec -Wl,-T -Wl,../src/lscript.ld -L../../matrix_mult_bsp/ps7_cortexa9_0/lib -o "matrix_mult.elf"  ./src/matrix_mult.o   -Wl,--start-group,-lxil,-lgcc,-lc,--end-group
Finished building target: matrix_mult.elf
 
Invoking: ARM v7 Print Size
arm-none-eabi-size matrix_mult.elf  |tee "matrix_mult.elf.size"
   text	   data	    bss	    dec	    hex	filename
  24372	   1152	  22584	  48108	   bbec	matrix_mult.elf
Finished building: matrix_mult.elf.size
 
23:52:07 **** Auto Build of configuration Debug for project matrix_mult ****
make pre-build main-build 
a9-linaro-pre-build-step
 
Building file: ../src/matrix_mult.c
Invoking: ARM v7 gcc compiler
arm-none-eabi-gcc -Wall -O0 -g3 -c -fmessage-length=0 -MT"src/matrix_mult.o" -mcpu=cortex-a9 -mfpu=vfpv3 -mfloat-abi=hard -I../../matrix_mult_bsp/ps7_cortexa9_0/include -MMD -MP -MF"src/matrix_mult.d" -MT"src/matrix_mult.o" -o "src/matrix_mult.o" "../src/matrix_mult.c"
../src/matrix_mult.c: In function 'main':
../src/matrix_mult.c:27:8: warning: unused variable 'test' [-Wunused-variable]
  mat_a test[IN_A_ROWS][IN_A_COLS] = {
        ^~~~
../src/matrix_mult.c:10:6: warning: variable 'b' set but not used [-Wunused-but-set-variable]
  int b = 5;
      ^
../src/matrix_mult.c:9:6: warning: variable 'a' set but not used [-Wunused-but-set-variable]
  int a = 5;
      ^
Finished building: ../src/matrix_mult.c
 
Building target: matrix_mult.elf
Invoking: ARM v7 gcc linker
arm-none-eabi-gcc -mcpu=cortex-a9 -mfpu=vfpv3 -mfloat-abi=hard -Wl,-build-id=none -specs=Xilinx.spec -Wl,-T -Wl,../src/lscript.ld -L../../matrix_mult_bsp/ps7_cortexa9_0/lib -o "matrix_mult.elf"  ./src/matrix_mult.o   -Wl,--start-group,-lxil,-lgcc,-lc,--end-group
Finished building target: matrix_mult.elf
 
Invoking: ARM v7 Print Size
arm-none-eabi-size matrix_mult.elf  |tee "matrix_mult.elf.size"
   text	   data	    bss	    dec	    hex	filename
  24104	   1152	  22584	  47840	   bae0	matrix_mult.elf
Finished building: matrix_mult.elf.size
 
23:52:22 **** Incremental Build of configuration Debug for project matrix_mult ****
make pre-build main-build 
a9-linaro-pre-build-step
 
make: Nothing to be done for 'main-build'.
23:52:52 **** Incremental Build of configuration Debug for project matrix_mult ****
make pre-build main-build 
a9-linaro-pre-build-step
 
make: Nothing to be done for 'main-build'.
23:53:59 **** Incremental Build of configuration Debug for project matrix_mult ****
make pre-build main-build 
a9-linaro-pre-build-step
 
make: Nothing to be done for 'main-build'.
23:54:43 **** Incremental Build of configuration Debug for project matrix_mult ****
make pre-build main-build 
a9-linaro-pre-build-step
 
make: Nothing to be done for 'main-build'.
00:03:28 **** Auto Build of configuration Debug for project matrix_mult ****
make pre-build main-build 
a9-linaro-pre-build-step
 
Building file: ../src/matrix_mult.c
Invoking: ARM v7 gcc compiler
arm-none-eabi-gcc -Wall -O0 -g3 -c -fmessage-length=0 -MT"src/matrix_mult.o" -mcpu=cortex-a9 -mfpu=vfpv3 -mfloat-abi=hard -I../../matrix_mult_bsp/ps7_cortexa9_0/include -MMD -MP -MF"src/matrix_mult.d" -MT"src/matrix_mult.o" -o "src/matrix_mult.o" "../src/matrix_mult.c"
../src/matrix_mult.c: In function 'main':
../src/matrix_mult.c:27:8: warning: unused variable 'test' [-Wunused-variable]
  mat_a test[IN_A_ROWS][IN_A_COLS] = {
        ^~~~
../src/matrix_mult.c:10:6: warning: variable 'b' set but not used [-Wunused-but-set-variable]
  int b = 5;
      ^
../src/matrix_mult.c:9:6: warning: variable 'a' set but not used [-Wunused-but-set-variable]
  int a = 5;
      ^
Finished building: ../src/matrix_mult.c
 
Building target: matrix_mult.elf
Invoking: ARM v7 gcc linker
arm-none-eabi-gcc -mcpu=cortex-a9 -mfpu=vfpv3 -mfloat-abi=hard -Wl,-build-id=none -specs=Xilinx.spec -Wl,-T -Wl,../src/lscript.ld -L../../matrix_mult_bsp/ps7_cortexa9_0/lib -o "matrix_mult.elf"  ./src/matrix_mult.o   -Wl,--start-group,-lxil,-lgcc,-lc,--end-group
Finished building target: matrix_mult.elf
 
Invoking: ARM v7 Print Size
arm-none-eabi-size matrix_mult.elf  |tee "matrix_mult.elf.size"
   text	   data	    bss	    dec	    hex	filename
  24104	   1152	  22584	  47840	   bae0	matrix_mult.elf
Finished building: matrix_mult.elf.size
 
00:03:38 **** Incremental Build of configuration Debug for project matrix_mult ****
make pre-build main-build 
a9-linaro-pre-build-step
 
make: Nothing to be done for 'main-build'.
00:05:54 **** Auto Build of configuration Debug for project matrix_mult ****
make pre-build main-build 
a9-linaro-pre-build-step
 
Building file: ../src/matrix_mult.c
Invoking: ARM v7 gcc compiler
arm-none-eabi-gcc -Wall -O0 -g3 -c -fmessage-length=0 -MT"src/matrix_mult.o" -mcpu=cortex-a9 -mfpu=vfpv3 -mfloat-abi=hard -I../../matrix_mult_bsp/ps7_cortexa9_0/include -MMD -MP -MF"src/matrix_mult.d" -MT"src/matrix_mult.o" -o "src/matrix_mult.o" "../src/matrix_mult.c"
../src/matrix_mult.c: In function 'main':
../src/matrix_mult.c:38:47: warning: passing argument 3 of 'XMatrix_mult_Write_a_Bytes' from incompatible pointer type [-Wincompatible-pointer-types]
     b = XMatrix_mult_Write_a_Bytes(&multi, 0, &in_mat_a[0][0], IN_A_ROWS*IN_A_COLS);
                                               ^
In file included from ../src/matrix_mult.c:3:0:
../../matrix_mult_bsp/ps7_cortexa9_0/include/xmatrix_mult.h:91:5: note: expected 'char *' but argument is of type 'mat_a * {aka int *}'
 u32 XMatrix_mult_Write_a_Bytes(XMatrix_mult *InstancePtr, int offset, char *data, int length);
     ^~~~~~~~~~~~~~~~~~~~~~~~~~
../src/matrix_mult.c:39:47: warning: passing argument 3 of 'XMatrix_mult_Write_b_Bytes' from incompatible pointer type [-Wincompatible-pointer-types]
     b = XMatrix_mult_Write_b_Bytes(&multi, 0, &in_mat_b[0][0], IN_B_ROWS*IN_B_COLS);
                                               ^
In file included from ../src/matrix_mult.c:3:0:
../../matrix_mult_bsp/ps7_cortexa9_0/include/xmatrix_mult.h:100:5: note: expected 'char *' but argument is of type 'mat_b * {aka int *}'
 u32 XMatrix_mult_Write_b_Bytes(XMatrix_mult *InstancePtr, int offset, char *data, int length);
     ^~~~~~~~~~~~~~~~~~~~~~~~~~
../src/matrix_mult.c:27:8: warning: unused variable 'test' [-Wunused-variable]
  mat_a test[IN_A_ROWS][IN_A_COLS] = {
        ^~~~
../src/matrix_mult.c:10:6: warning: variable 'b' set but not used [-Wunused-but-set-variable]
  int b = 5;
      ^
../src/matrix_mult.c:9:6: warning: variable 'a' set but not used [-Wunused-but-set-variable]
  int a = 5;
      ^
Finished building: ../src/matrix_mult.c
 
Building target: matrix_mult.elf
Invoking: ARM v7 gcc linker
arm-none-eabi-gcc -mcpu=cortex-a9 -mfpu=vfpv3 -mfloat-abi=hard -Wl,-build-id=none -specs=Xilinx.spec -Wl,-T -Wl,../src/lscript.ld -L../../matrix_mult_bsp/ps7_cortexa9_0/lib -o "matrix_mult.elf"  ./src/matrix_mult.o   -Wl,--start-group,-lxil,-lgcc,-lc,--end-group
Finished building target: matrix_mult.elf
 
Invoking: ARM v7 Print Size
arm-none-eabi-size matrix_mult.elf  |tee "matrix_mult.elf.size"
   text	   data	    bss	    dec	    hex	filename
  25952	   1152	  22584	  49688	   c218	matrix_mult.elf
Finished building: matrix_mult.elf.size
 
00:06:01 **** Auto Build of configuration Debug for project matrix_mult ****
make pre-build main-build 
a9-linaro-pre-build-step
 
Building file: ../src/matrix_mult.c
Invoking: ARM v7 gcc compiler
arm-none-eabi-gcc -Wall -O0 -g3 -c -fmessage-length=0 -MT"src/matrix_mult.o" -mcpu=cortex-a9 -mfpu=vfpv3 -mfloat-abi=hard -I../../matrix_mult_bsp/ps7_cortexa9_0/include -MMD -MP -MF"src/matrix_mult.d" -MT"src/matrix_mult.o" -o "src/matrix_mult.o" "../src/matrix_mult.c"
../src/matrix_mult.c: In function 'main':
../src/matrix_mult.c:38:47: warning: passing argument 3 of 'XMatrix_mult_Write_a_Bytes' from incompatible pointer type [-Wincompatible-pointer-types]
     b = XMatrix_mult_Write_a_Bytes(&multi, 0, &in_mat_a[0][0], IN_A_ROWS*IN_A_COLS);
                                               ^
In file included from ../src/matrix_mult.c:3:0:
../../matrix_mult_bsp/ps7_cortexa9_0/include/xmatrix_mult.h:91:5: note: expected 'char *' but argument is of type 'mat_a * {aka int *}'
 u32 XMatrix_mult_Write_a_Bytes(XMatrix_mult *InstancePtr, int offset, char *data, int length);
     ^~~~~~~~~~~~~~~~~~~~~~~~~~
../src/matrix_mult.c:39:47: warning: passing argument 3 of 'XMatrix_mult_Write_b_Bytes' from incompatible pointer type [-Wincompatible-pointer-types]
     b = XMatrix_mult_Write_b_Bytes(&multi, 0, &in_mat_b[0][0], IN_B_ROWS*IN_B_COLS);
                                               ^
In file included from ../src/matrix_mult.c:3:0:
../../matrix_mult_bsp/ps7_cortexa9_0/include/xmatrix_mult.h:100:5: note: expected 'char *' but argument is of type 'mat_b * {aka int *}'
 u32 XMatrix_mult_Write_b_Bytes(XMatrix_mult *InstancePtr, int offset, char *data, int length);
     ^~~~~~~~~~~~~~~~~~~~~~~~~~
../src/matrix_mult.c:27:8: warning: unused variable 'test' [-Wunused-variable]
  mat_a test[IN_A_ROWS][IN_A_COLS] = {
        ^~~~
../src/matrix_mult.c:10:6: warning: variable 'b' set but not used [-Wunused-but-set-variable]
  int b = 5;
      ^
../src/matrix_mult.c:9:6: warning: variable 'a' set but not used [-Wunused-but-set-variable]
  int a = 5;
      ^
Finished building: ../src/matrix_mult.c
 
Building target: matrix_mult.elf
Invoking: ARM v7 gcc linker
arm-none-eabi-gcc -mcpu=cortex-a9 -mfpu=vfpv3 -mfloat-abi=hard -Wl,-build-id=none -specs=Xilinx.spec -Wl,-T -Wl,../src/lscript.ld -L../../matrix_mult_bsp/ps7_cortexa9_0/lib -o "matrix_mult.elf"  ./src/matrix_mult.o   -Wl,--start-group,-lxil,-lgcc,-lc,--end-group
Finished building target: matrix_mult.elf
 
Invoking: ARM v7 Print Size
arm-none-eabi-size matrix_mult.elf  |tee "matrix_mult.elf.size"
   text	   data	    bss	    dec	    hex	filename
  25952	   1152	  22584	  49688	   c218	matrix_mult.elf
Finished building: matrix_mult.elf.size
 
00:06:15 **** Auto Build of configuration Debug for project matrix_mult ****
make pre-build main-build 
a9-linaro-pre-build-step
 
Building file: ../src/matrix_mult.c
Invoking: ARM v7 gcc compiler
arm-none-eabi-gcc -Wall -O0 -g3 -c -fmessage-length=0 -MT"src/matrix_mult.o" -mcpu=cortex-a9 -mfpu=vfpv3 -mfloat-abi=hard -I../../matrix_mult_bsp/ps7_cortexa9_0/include -MMD -MP -MF"src/matrix_mult.d" -MT"src/matrix_mult.o" -o "src/matrix_mult.o" "../src/matrix_mult.c"
../src/matrix_mult.c: In function 'main':
../src/matrix_mult.c:27:8: warning: unused variable 'test' [-Wunused-variable]
  mat_a test[IN_A_ROWS][IN_A_COLS] = {
        ^~~~
../src/matrix_mult.c:10:6: warning: variable 'b' set but not used [-Wunused-but-set-variable]
  int b = 5;
      ^
../src/matrix_mult.c:9:6: warning: variable 'a' set but not used [-Wunused-but-set-variable]
  int a = 5;
      ^
Finished building: ../src/matrix_mult.c
 
Building target: matrix_mult.elf
Invoking: ARM v7 gcc linker
arm-none-eabi-gcc -mcpu=cortex-a9 -mfpu=vfpv3 -mfloat-abi=hard -Wl,-build-id=none -specs=Xilinx.spec -Wl,-T -Wl,../src/lscript.ld -L../../matrix_mult_bsp/ps7_cortexa9_0/lib -o "matrix_mult.elf"  ./src/matrix_mult.o   -Wl,--start-group,-lxil,-lgcc,-lc,--end-group
Finished building target: matrix_mult.elf
 
Invoking: ARM v7 Print Size
arm-none-eabi-size matrix_mult.elf  |tee "matrix_mult.elf.size"
   text	   data	    bss	    dec	    hex	filename
  25952	   1152	  22584	  49688	   c218	matrix_mult.elf
Finished building: matrix_mult.elf.size
 
00:06:22 **** Incremental Build of configuration Debug for project matrix_mult ****
make pre-build main-build 
a9-linaro-pre-build-step
 
make: Nothing to be done for 'main-build'.
00:07:00 **** Incremental Build of configuration Debug for project matrix_mult ****
make pre-build main-build 
a9-linaro-pre-build-step
 
make: Nothing to be done for 'main-build'.
00:08:57 **** Auto Build of configuration Debug for project matrix_mult ****
make pre-build main-build 
a9-linaro-pre-build-step
 
Building file: ../src/matrix_mult.c
Invoking: ARM v7 gcc compiler
arm-none-eabi-gcc -Wall -O0 -g3 -c -fmessage-length=0 -MT"src/matrix_mult.o" -mcpu=cortex-a9 -mfpu=vfpv3 -mfloat-abi=hard -I../../matrix_mult_bsp/ps7_cortexa9_0/include -MMD -MP -MF"src/matrix_mult.d" -MT"src/matrix_mult.o" -o "src/matrix_mult.o" "../src/matrix_mult.c"
../src/matrix_mult.c: In function 'main':
../src/matrix_mult.c:45:42: warning: passing argument 3 of 'XMatrix_mult_Read_a_Words' from incompatible pointer type [-Wincompatible-pointer-types]
     XMatrix_mult_Read_a_Words(&multi, 0, &aa[0], 40);
                                          ^
In file included from ../src/matrix_mult.c:3:0:
../../matrix_mult_bsp/ps7_cortexa9_0/include/xmatrix_mult.h:90:5: note: expected 'int *' but argument is of type 'char *'
 u32 XMatrix_mult_Read_a_Words(XMatrix_mult *InstancePtr, int offset, int *data, int length);
     ^~~~~~~~~~~~~~~~~~~~~~~~~
../src/matrix_mult.c:46:42: warning: passing argument 3 of 'XMatrix_mult_Read_b_Words' from incompatible pointer type [-Wincompatible-pointer-types]
     XMatrix_mult_Read_b_Words(&multi, 0, &bb[0], 40);
                                          ^
In file included from ../src/matrix_mult.c:3:0:
../../matrix_mult_bsp/ps7_cortexa9_0/include/xmatrix_mult.h:99:5: note: expected 'int *' but argument is of type 'char *'
 u32 XMatrix_mult_Read_b_Words(XMatrix_mult *InstancePtr, int offset, int *data, int length);
     ^~~~~~~~~~~~~~~~~~~~~~~~~
../src/matrix_mult.c:47:45: warning: passing argument 3 of 'XMatrix_mult_Read_prod_Words' from incompatible pointer type [-Wincompatible-pointer-types]
     XMatrix_mult_Read_prod_Words(&multi, 0, &prod[0], 40);
                                             ^
In file included from ../src/matrix_mult.c:3:0:
../../matrix_mult_bsp/ps7_cortexa9_0/include/xmatrix_mult.h:108:5: note: expected 'int *' but argument is of type 'char *'
 u32 XMatrix_mult_Read_prod_Words(XMatrix_mult *InstancePtr, int offset, int *data, int length);
     ^~~~~~~~~~~~~~~~~~~~~~~~~~~~
[...]
make: Nothing to be done for `main-build'.
23:35:01 **** Incremental Build of configuration Debug for project matrix_mult ****
make pre-build main-build 
a9-linaro-pre-build-step
' '
make: Nothing to be done for `main-build'.
23:35:17 **** Incremental Build of configuration Debug for project matrix_mult ****
make pre-build main-build 
a9-linaro-pre-build-step
' '
make: Nothing to be done for `main-build'.
23:35:35 **** Incremental Build of configuration Debug for project matrix_mult ****
make pre-build main-build 
a9-linaro-pre-build-step
' '
'Building file: ../src/matrix_mult.c'
'Invoking: ARM v7 gcc compiler'
arm-none-eabi-gcc -Wall -O0 -g3 -c -fmessage-length=0 -MT"src/matrix_mult.o" -mcpu=cortex-a9 -mfpu=vfpv3 -mfloat-abi=hard -I../../matrix_mult_bsp/ps7_cortexa9_0/include -MMD -MP -MF"src/matrix_mult.d" -MT"src/matrix_mult.o" -o "src/matrix_mult.o" "../src/matrix_mult.c"
../src/matrix_mult.c: In function 'main':
../src/matrix_mult.c:78:6: warning: unused variable 'a' [-Wunused-variable]
  int a = 0; // just a breakpoint for the debugger
      ^
../src/matrix_mult.c:28:11: warning: variable 'product' set but not used [-Wunused-but-set-variable]
  mat_prod product[IN_A_ROWS][IN_B_COLS]; // to store the product
           ^~~~~~~
../src/matrix_mult.c:11:6: warning: unused variable 'ready' [-Wunused-variable]
  int ready = 0;
      ^~~~~
'Finished building: ../src/matrix_mult.c'
' '
'Building target: matrix_mult.elf'
'Invoking: ARM v7 gcc linker'
arm-none-eabi-gcc -mcpu=cortex-a9 -mfpu=vfpv3 -mfloat-abi=hard -Wl,-build-id=none -specs=Xilinx.spec -Wl,-T -Wl,../src/lscript.ld -L../../matrix_mult_bsp/ps7_cortexa9_0/lib -o "matrix_mult.elf"  ./src/matrix_mult.o   -Wl,--start-group,-lxil,-lgcc,-lc,--end-group
'Finished building target: matrix_mult.elf'
' '
'Invoking: ARM v7 Print Size'
arm-none-eabi-size matrix_mult.elf  |tee "matrix_mult.elf.size"
   text	   data	    bss	    dec	    hex	filename
  77816	   2588	  23344	 103748	  19544	matrix_mult.elf
'Finished building: matrix_mult.elf.size'
' '
00:53:41 **** Auto Build of configuration Debug for project matrix_mult ****
make pre-build main-build 
a9-linaro-pre-build-step
' '
'Building file: ../src/matrix_mult.c'
'Invoking: ARM v7 gcc compiler'
arm-none-eabi-gcc -Wall -O0 -g3 -c -fmessage-length=0 -MT"src/matrix_mult.o" -mcpu=cortex-a9 -mfpu=vfpv3 -mfloat-abi=hard -I../../matrix_mult_bsp/ps7_cortexa9_0/include -MMD -MP -MF"src/matrix_mult.d" -MT"src/matrix_mult.o" -o "src/matrix_mult.o" "../src/matrix_mult.c"
../src/matrix_mult.c: In function 'main':
../src/matrix_mult.c:78:6: warning: unused variable 'a' [-Wunused-variable]
  int a = 0; // just a breakpoint for the debugger
      ^
../src/matrix_mult.c:28:11: warning: variable 'product' set but not used [-Wunused-but-set-variable]
  mat_prod product[IN_A_ROWS][IN_B_COLS]; // to store the product
           ^~~~~~~
../src/matrix_mult.c:11:6: warning: unused variable 'ready' [-Wunused-variable]
  int ready = 0;
      ^~~~~
'Finished building: ../src/matrix_mult.c'
' '
'Building target: matrix_mult.elf'
'Invoking: ARM v7 gcc linker'
arm-none-eabi-gcc -mcpu=cortex-a9 -mfpu=vfpv3 -mfloat-abi=hard -Wl,-build-id=none -specs=Xilinx.spec -Wl,-T -Wl,../src/lscript.ld -L../../matrix_mult_bsp/ps7_cortexa9_0/lib -o "matrix_mult.elf"  ./src/matrix_mult.o   -Wl,--start-group,-lxil,-lgcc,-lc,--end-group
'Finished building target: matrix_mult.elf'
' '
'Invoking: ARM v7 Print Size'
arm-none-eabi-size matrix_mult.elf  |tee "matrix_mult.elf.size"
   text	   data	    bss	    dec	    hex	filename
  77996	   2588	  23344	 103928	  195f8	matrix_mult.elf
'Finished building: matrix_mult.elf.size'
' '
01:14:30 **** Auto Build of configuration Debug for project matrix_mult ****
make pre-build main-build 
a9-linaro-pre-build-step
' '
'Building file: ../src/matrix_mult.c'
'Invoking: ARM v7 gcc compiler'
arm-none-eabi-gcc -Wall -O0 -g3 -c -fmessage-length=0 -MT"src/matrix_mult.o" -mcpu=cortex-a9 -mfpu=vfpv3 -mfloat-abi=hard -I../../matrix_mult_bsp/ps7_cortexa9_0/include -MMD -MP -MF"src/matrix_mult.d" -MT"src/matrix_mult.o" -o "src/matrix_mult.o" "../src/matrix_mult.c"
../src/matrix_mult.c: In function 'main':
../src/matrix_mult.c:113:6: warning: unused variable 'a' [-Wunused-variable]
  int a = 0; // just a breakpoint for the debugger
      ^
../src/matrix_mult.c:63:11: warning: variable 'product' set but not used [-Wunused-but-set-variable]
  mat_prod product[IN_A_ROWS][IN_B_COLS]; // to store the product
           ^~~~~~~
../src/matrix_mult.c:46:6: warning: unused variable 'ready' [-Wunused-variable]
  int ready = 0;
      ^~~~~
../src/matrix_mult.c: In function 'setupTimer':
../src/matrix_mult.c:145:37: error: 'DeviceId' undeclared (first use in this function)
  ConfigPtr = XScuTimer_LookupConfig(DeviceId);
                                     ^~~~~~~~
../src/matrix_mult.c:145:37: note: each undeclared identifier is reported only once for each function it appears in
../src/matrix_mult.c:138:15: warning: unused variable 'CntValue2' [-Wunused-variable]
  volatile u32 CntValue2 = 0;
               ^~~~~~~~~
../src/matrix_mult.c:137:15: warning: unused variable 'CntValue1' [-Wunused-variable]
  volatile u32 CntValue1 = 0;
               ^~~~~~~~~
../src/matrix_mult.c: In function 'getTimerElapsedTicks':
../src/matrix_mult.c:195:2: error: expected ';' before 'CntValue2'
  CntValue2 = XScuTimer_GetCounterValue(TimerInstancePtr);
  ^~~~~~~~~
../src/matrix_mult.c: In function 'setupTimer':
../src/matrix_mult.c:161:1: warning: control reaches end of non-void function [-Wreturn-type]
 }
 ^
../src/matrix_mult.c: In function 'resetAndStartTimer':
../src/matrix_mult.c:182:1: warning: control reaches end of non-void function [-Wreturn-type]
 }
 ^
make: *** [src/matrix_mult.o] Error 1
01:14:38 **** Auto Build of configuration Debug for project matrix_mult ****
make pre-build main-build 
a9-linaro-pre-build-step
' '
'Building file: ../src/matrix_mult.c'
'Invoking: ARM v7 gcc compiler'
arm-none-eabi-gcc -Wall -O0 -g3 -c -fmessage-length=0 -MT"src/matrix_mult.o" -mcpu=cortex-a9 -mfpu=vfpv3 -mfloat-abi=hard -I../../matrix_mult_bsp/ps7_cortexa9_0/include -MMD -MP -MF"src/matrix_mult.d" -MT"src/matrix_mult.o" -o "src/matrix_mult.o" "../src/matrix_mult.c"
../src/matrix_mult.c: In function 'main':
../src/matrix_mult.c:113:6: warning: unused variable 'a' [-Wunused-variable]
  int a = 0; // just a breakpoint for the debugger
      ^
../src/matrix_mult.c:63:11: warning: variable 'product' set but not used [-Wunused-but-set-variable]
  mat_prod product[IN_A_ROWS][IN_B_COLS]; // to store the product
           ^~~~~~~
../src/matrix_mult.c:46:6: warning: unused variable 'ready' [-Wunused-variable]
  int ready = 0;
      ^~~~~
../src/matrix_mult.c: In function 'setupTimer':
../src/matrix_mult.c:145:37: error: 'DeviceId' undeclared (first use in this function)
  ConfigPtr = XScuTimer_LookupConfig(DeviceId);
                                     ^~~~~~~~
../src/matrix_mult.c:145:37: note: each undeclared identifier is reported only once for each function it appears in
../src/matrix_mult.c:138:15: warning: unused variable 'CntValue2' [-Wunused-variable]
  volatile u32 CntValue2 = 0;
               ^~~~~~~~~
../src/matrix_mult.c:137:15: warning: unused variable 'CntValue1' [-Wunused-variable]
  volatile u32 CntValue1 = 0;
               ^~~~~~~~~
../src/matrix_mult.c:161:1: warning: control reaches end of non-void function [-Wreturn-type]
 }
 ^
../src/matrix_mult.c: In function 'resetAndStartTimer':
../src/matrix_mult.c:182:1: warning: control reaches end of non-void function [-Wreturn-type]
 }
 ^
make: *** [src/matrix_mult.o] Error 1
01:15:03 **** Auto Build of configuration Debug for project matrix_mult ****
make pre-build main-build 
a9-linaro-pre-build-step
' '
'Building file: ../src/matrix_mult.c'
'Invoking: ARM v7 gcc compiler'
arm-none-eabi-gcc -Wall -O0 -g3 -c -fmessage-length=0 -MT"src/matrix_mult.o" -mcpu=cortex-a9 -mfpu=vfpv3 -mfloat-abi=hard -I../../matrix_mult_bsp/ps7_cortexa9_0/include -MMD -MP -MF"src/matrix_mult.d" -MT"src/matrix_mult.o" -o "src/matrix_mult.o" "../src/matrix_mult.c"
../src/matrix_mult.c: In function 'main':
../src/matrix_mult.c:113:6: warning: unused variable 'a' [-Wunused-variable]
  int a = 0; // just a breakpoint for the debugger
      ^
../src/matrix_mult.c:63:11: warning: variable 'product' set but not used [-Wunused-but-set-variable]
  mat_prod product[IN_A_ROWS][IN_B_COLS]; // to store the product
           ^~~~~~~
../src/matrix_mult.c:46:6: warning: unused variable 'ready' [-Wunused-variable]
  int ready = 0;
      ^~~~~
../src/matrix_mult.c: In function 'setupTimer':
../src/matrix_mult.c:138:15: warning: unused variable 'CntValue2' [-Wunused-variable]
  volatile u32 CntValue2 = 0;
               ^~~~~~~~~
../src/matrix_mult.c:137:15: warning: unused variable 'CntValue1' [-Wunused-variable]
  volatile u32 CntValue1 = 0;
               ^~~~~~~~~
../src/matrix_mult.c:161:1: warning: control reaches end of non-void function [-Wreturn-type]
 }
 ^
../src/matrix_mult.c: In function 'resetAndStartTimer':
../src/matrix_mult.c:182:1: warning: control reaches end of non-void function [-Wreturn-type]
 }
 ^
'Finished building: ../src/matrix_mult.c'
' '
'Building target: matrix_mult.elf'
'Invoking: ARM v7 gcc linker'
arm-none-eabi-gcc -mcpu=cortex-a9 -mfpu=vfpv3 -mfloat-abi=hard -Wl,-build-id=none -specs=Xilinx.spec -Wl,-T -Wl,../src/lscript.ld -L../../matrix_mult_bsp/ps7_cortexa9_0/lib -o "matrix_mult.elf"  ./src/matrix_mult.o   -Wl,--start-group,-lxil,-lgcc,-lc,--end-group
'Finished building target: matrix_mult.elf'
' '
'Invoking: ARM v7 Print Size'
arm-none-eabi-size matrix_mult.elf  |tee "matrix_mult.elf.size"
   text	   data	    bss	    dec	    hex	filename
  79224	   2604	  23360	 105188	  19ae4	matrix_mult.elf
'Finished building: matrix_mult.elf.size'
' '
01:15:26 **** Auto Build of configuration Debug for project matrix_mult ****
make pre-build main-build 
a9-linaro-pre-build-step
' '
'Building file: ../src/matrix_mult.c'
'Invoking: ARM v7 gcc compiler'
arm-none-eabi-gcc -Wall -O0 -g3 -c -fmessage-length=0 -MT"src/matrix_mult.o" -mcpu=cortex-a9 -mfpu=vfpv3 -mfloat-abi=hard -I../../matrix_mult_bsp/ps7_cortexa9_0/include -MMD -MP -MF"src/matrix_mult.d" -MT"src/matrix_mult.o" -o "src/matrix_mult.o" "../src/matrix_mult.c"
../src/matrix_mult.c: In function 'main':
../src/matrix_mult.c:113:6: warning: unused variable 'a' [-Wunused-variable]
  int a = 0; // just a breakpoint for the debugger
      ^
../src/matrix_mult.c:63:11: warning: variable 'product' set but not used [-Wunused-but-set-variable]
  mat_prod product[IN_A_ROWS][IN_B_COLS]; // to store the product
           ^~~~~~~
../src/matrix_mult.c:46:6: warning: unused variable 'ready' [-Wunused-variable]
  int ready = 0;
      ^~~~~
../src/matrix_mult.c: In function 'setupTimer':
../src/matrix_mult.c:158:1: warning: control reaches end of non-void function [-Wreturn-type]
 }
 ^
../src/matrix_mult.c: In function 'resetAndStartTimer':
../src/matrix_mult.c:179:1: warning: control reaches end of non-void function [-Wreturn-type]
 }
 ^
'Finished building: ../src/matrix_mult.c'
' '
'Building target: matrix_mult.elf'
'Invoking: ARM v7 gcc linker'
arm-none-eabi-gcc -mcpu=cortex-a9 -mfpu=vfpv3 -mfloat-abi=hard -Wl,-build-id=none -specs=Xilinx.spec -Wl,-T -Wl,../src/lscript.ld -L../../matrix_mult_bsp/ps7_cortexa9_0/lib -o "matrix_mult.elf"  ./src/matrix_mult.o   -Wl,--start-group,-lxil,-lgcc,-lc,--end-group
'Finished building target: matrix_mult.elf'
' '
'Invoking: ARM v7 Print Size'
arm-none-eabi-size matrix_mult.elf  |tee "matrix_mult.elf.size"
   text	   data	    bss	    dec	    hex	filename
  79224	   2604	  23360	 105188	  19ae4	matrix_mult.elf
'Finished building: matrix_mult.elf.size'
' '
01:17:26 **** Auto Build of configuration Debug for project matrix_mult ****
make pre-build main-build 
a9-linaro-pre-build-step
' '
'Building file: ../src/matrix_mult.c'
'Invoking: ARM v7 gcc compiler'
arm-none-eabi-gcc -Wall -O0 -g3 -c -fmessage-length=0 -MT"src/matrix_mult.o" -mcpu=cortex-a9 -mfpu=vfpv3 -mfloat-abi=hard -I../../matrix_mult_bsp/ps7_cortexa9_0/include -MMD -MP -MF"src/matrix_mult.d" -MT"src/matrix_mult.o" -o "src/matrix_mult.o" "../src/matrix_mult.c"
../src/matrix_mult.c: In function 'main':
../src/matrix_mult.c:113:6: warning: unused variable 'a' [-Wunused-variable]
  int a = 0; // just a breakpoint for the debugger
      ^
../src/matrix_mult.c:63:11: warning: variable 'product' set but not used [-Wunused-but-set-variable]
  mat_prod product[IN_A_ROWS][IN_B_COLS]; // to store the product
           ^~~~~~~
../src/matrix_mult.c:46:6: warning: unused variable 'ready' [-Wunused-variable]
  int ready = 0;
      ^~~~~
'Finished building: ../src/matrix_mult.c'
' '
'Building target: matrix_mult.elf'
'Invoking: ARM v7 gcc linker'
arm-none-eabi-gcc -mcpu=cortex-a9 -mfpu=vfpv3 -mfloat-abi=hard -Wl,-build-id=none -specs=Xilinx.spec -Wl,-T -Wl,../src/lscript.ld -L../../matrix_mult_bsp/ps7_cortexa9_0/lib -o "matrix_mult.elf"  ./src/matrix_mult.o   -Wl,--start-group,-lxil,-lgcc,-lc,--end-group
'Finished building target: matrix_mult.elf'
' '
'Invoking: ARM v7 Print Size'
arm-none-eabi-size matrix_mult.elf  |tee "matrix_mult.elf.size"
   text	   data	    bss	    dec	    hex	filename
  79224	   2604	  23360	 105188	  19ae4	matrix_mult.elf
'Finished building: matrix_mult.elf.size'
' '
01:19:00 **** Auto Build of configuration Debug for project matrix_mult ****
make pre-build main-build 
a9-linaro-pre-build-step
' '
'Building file: ../src/matrix_mult.c'
'Invoking: ARM v7 gcc compiler'
arm-none-eabi-gcc -Wall -O0 -g3 -c -fmessage-length=0 -MT"src/matrix_mult.o" -mcpu=cortex-a9 -mfpu=vfpv3 -mfloat-abi=hard -I../../matrix_mult_bsp/ps7_cortexa9_0/include -MMD -MP -MF"src/matrix_mult.d" -MT"src/matrix_mult.o" -o "src/matrix_mult.o" "../src/matrix_mult.c"
../src/matrix_mult.c: In function 'main':
../src/matrix_mult.c:121:6: warning: unused variable 'a' [-Wunused-variable]
  int a = 0; // just a breakpoint for the debugger
      ^
../src/matrix_mult.c:68:11: warning: variable 'product' set but not used [-Wunused-but-set-variable]
  mat_prod product[IN_A_ROWS][IN_B_COLS]; // to store the product
           ^~~~~~~
../src/matrix_mult.c:50:6: warning: unused variable 'ready' [-Wunused-variable]
  int ready = 0;
      ^~~~~
'Finished building: ../src/matrix_mult.c'
' '
'Building target: matrix_mult.elf'
'Invoking: ARM v7 gcc linker'
arm-none-eabi-gcc -mcpu=cortex-a9 -mfpu=vfpv3 -mfloat-abi=hard -Wl,-build-id=none -specs=Xilinx.spec -Wl,-T -Wl,../src/lscript.ld -L../../matrix_mult_bsp/ps7_cortexa9_0/lib -o "matrix_mult.elf"  ./src/matrix_mult.o   -Wl,--start-group,-lxil,-lgcc,-lc,--end-group
'Finished building target: matrix_mult.elf'
' '
'Invoking: ARM v7 Print Size'
arm-none-eabi-size matrix_mult.elf  |tee "matrix_mult.elf.size"
   text	   data	    bss	    dec	    hex	filename
  79336	   2604	  23360	 105300	  19b54	matrix_mult.elf
'Finished building: matrix_mult.elf.size'
' '
01:20:12 **** Auto Build of configuration Debug for project matrix_mult ****
make pre-build main-build 
a9-linaro-pre-build-step
' '
'Building file: ../src/matrix_mult.c'
'Invoking: ARM v7 gcc compiler'
arm-none-eabi-gcc -Wall -O0 -g3 -c -fmessage-length=0 -MT"src/matrix_mult.o" -mcpu=cortex-a9 -mfpu=vfpv3 -mfloat-abi=hard -I../../matrix_mult_bsp/ps7_cortexa9_0/include -MMD -MP -MF"src/matrix_mult.d" -MT"src/matrix_mult.o" -o "src/matrix_mult.o" "../src/matrix_mult.c"
../src/matrix_mult.c: In function 'main':
../src/matrix_mult.c:122:6: warning: unused variable 'a' [-Wunused-variable]
  int a = 0; // just a breakpoint for the debugger
      ^
../src/matrix_mult.c:68:11: warning: variable 'product' set but not used [-Wunused-but-set-variable]
  mat_prod product[IN_A_ROWS][IN_B_COLS]; // to store the product
           ^~~~~~~
../src/matrix_mult.c:50:6: warning: unused variable 'ready' [-Wunused-variable]
  int ready = 0;
      ^~~~~
'Finished building: ../src/matrix_mult.c'
' '
'Building target: matrix_mult.elf'
'Invoking: ARM v7 gcc linker'
arm-none-eabi-gcc -mcpu=cortex-a9 -mfpu=vfpv3 -mfloat-abi=hard -Wl,-build-id=none -specs=Xilinx.spec -Wl,-T -Wl,../src/lscript.ld -L../../matrix_mult_bsp/ps7_cortexa9_0/lib -o "matrix_mult.elf"  ./src/matrix_mult.o   -Wl,--start-group,-lxil,-lgcc,-lc,--end-group
'Finished building target: matrix_mult.elf'
' '
'Invoking: ARM v7 Print Size'
arm-none-eabi-size matrix_mult.elf  |tee "matrix_mult.elf.size"
   text	   data	    bss	    dec	    hex	filename
  79416	   2604	  23360	 105380	  19ba4	matrix_mult.elf
'Finished building: matrix_mult.elf.size'
' '
01:20:17 **** Incremental Build of configuration Debug for project matrix_mult ****
make pre-build main-build 
a9-linaro-pre-build-step
' '
make: Nothing to be done for `main-build'.
01:20:43 **** Incremental Build of configuration Debug for project matrix_mult ****
make pre-build main-build 
a9-linaro-pre-build-step
' '
'Building file: ../src/matrix_mult.c'
'Invoking: ARM v7 gcc compiler'
arm-none-eabi-gcc -Wall -O0 -g3 -c -fmessage-length=0 -MT"src/matrix_mult.o" -mcpu=cortex-a9 -mfpu=vfpv3 -mfloat-abi=hard -I../../matrix_mult_bsp/ps7_cortexa9_0/include -MMD -MP -MF"src/matrix_mult.d" -MT"src/matrix_mult.o" -o "src/matrix_mult.o" "../src/matrix_mult.c"
../src/matrix_mult.c: In function 'main':
../src/matrix_mult.c:127:6: warning: unused variable 'a' [-Wunused-variable]
  int a = 0; // just a breakpoint for the debugger
      ^
../src/matrix_mult.c:68:11: warning: variable 'product' set but not used [-Wunused-but-set-variable]
  mat_prod product[IN_A_ROWS][IN_B_COLS]; // to store the product
           ^~~~~~~
../src/matrix_mult.c:50:6: warning: unused variable 'ready' [-Wunused-variable]
  int ready = 0;
      ^~~~~
'Finished building: ../src/matrix_mult.c'
' '
'Building target: matrix_mult.elf'
'Invoking: ARM v7 gcc linker'
arm-none-eabi-gcc -mcpu=cortex-a9 -mfpu=vfpv3 -mfloat-abi=hard -Wl,-build-id=none -specs=Xilinx.spec -Wl,-T -Wl,../src/lscript.ld -L../../matrix_mult_bsp/ps7_cortexa9_0/lib -o "matrix_mult.elf"  ./src/matrix_mult.o   -Wl,--start-group,-lxil,-lgcc,-lc,--end-group
'Finished building target: matrix_mult.elf'
' '
'Invoking: ARM v7 Print Size'
arm-none-eabi-size matrix_mult.elf  |tee "matrix_mult.elf.size"
   text	   data	    bss	    dec	    hex	filename
  79416	   2604	  23360	 105380	  19ba4	matrix_mult.elf
'Finished building: matrix_mult.elf.size'
' '
01:21:42 **** Incremental Build of configuration Debug for project matrix_mult ****
make pre-build main-build 
a9-linaro-pre-build-step
' '
'Building file: ../src/matrix_mult.c'
'Invoking: ARM v7 gcc compiler'
arm-none-eabi-gcc -Wall -O0 -g3 -c -fmessage-length=0 -MT"src/matrix_mult.o" -mcpu=cortex-a9 -mfpu=vfpv3 -mfloat-abi=hard -I../../matrix_mult_bsp/ps7_cortexa9_0/include -MMD -MP -MF"src/matrix_mult.d" -MT"src/matrix_mult.o" -o "src/matrix_mult.o" "../src/matrix_mult.c"
../src/matrix_mult.c: In function 'main':
../src/matrix_mult.c:123:6: warning: unused variable 'a' [-Wunused-variable]
  int a = 0; // just a breakpoint for the debugger
      ^
../src/matrix_mult.c:68:11: warning: variable 'product' set but not used [-Wunused-but-set-variable]
  mat_prod product[IN_A_ROWS][IN_B_COLS]; // to store the product
           ^~~~~~~
../src/matrix_mult.c:50:6: warning: unused variable 'ready' [-Wunused-variable]
  int ready = 0;
      ^~~~~
'Finished building: ../src/matrix_mult.c'
' '
'Building target: matrix_mult.elf'
'Invoking: ARM v7 gcc linker'
arm-none-eabi-gcc -mcpu=cortex-a9 -mfpu=vfpv3 -mfloat-abi=hard -Wl,-build-id=none -specs=Xilinx.spec -Wl,-T -Wl,../src/lscript.ld -L../../matrix_mult_bsp/ps7_cortexa9_0/lib -o "matrix_mult.elf"  ./src/matrix_mult.o   -Wl,--start-group,-lxil,-lgcc,-lc,--end-group
'Finished building target: matrix_mult.elf'
' '
'Invoking: ARM v7 Print Size'
arm-none-eabi-size matrix_mult.elf  |tee "matrix_mult.elf.size"
   text	   data	    bss	    dec	    hex	filename
  79416	   2604	  23360	 105380	  19ba4	matrix_mult.elf
'Finished building: matrix_mult.elf.size'
' '
