01:21:42 **** Incremental Build of configuration Debug for project matrix_mult ****
make pre-build main-build 
a9-linaro-pre-build-step
' '
'Building file: ../src/matrix_mult.c'
'Invoking: ARM v7 gcc compiler'
arm-none-eabi-gcc -Wall -O0 -g3 -c -fmessage-length=0 -MT"src/matrix_mult.o" -mcpu=cortex-a9 -mfpu=vfpv3 -mfloat-abi=hard -I../../matrix_mult_bsp/ps7_cortexa9_0/include -MMD -MP -MF"src/matrix_mult.d" -MT"src/matrix_mult.o" -o "src/matrix_mult.o" "../src/matrix_mult.c"
../src/matrix_mult.c: In function 'main':
../src/matrix_mult.c:123:6: warning: unused variable 'a' [-Wunused-variable]
  int a = 0; // just a breakpoint for the debugger
      ^
../src/matrix_mult.c:68:11: warning: variable 'product' set but not used [-Wunused-but-set-variable]
  mat_prod product[IN_A_ROWS][IN_B_COLS]; // to store the product
           ^~~~~~~
../src/matrix_mult.c:50:6: warning: unused variable 'ready' [-Wunused-variable]
  int ready = 0;
      ^~~~~
'Finished building: ../src/matrix_mult.c'
' '
'Building target: matrix_mult.elf'
'Invoking: ARM v7 gcc linker'
arm-none-eabi-gcc -mcpu=cortex-a9 -mfpu=vfpv3 -mfloat-abi=hard -Wl,-build-id=none -specs=Xilinx.spec -Wl,-T -Wl,../src/lscript.ld -L../../matrix_mult_bsp/ps7_cortexa9_0/lib -o "matrix_mult.elf"  ./src/matrix_mult.o   -Wl,--start-group,-lxil,-lgcc,-lc,--end-group
'Finished building target: matrix_mult.elf'
' '
'Invoking: ARM v7 Print Size'
arm-none-eabi-size matrix_mult.elf  |tee "matrix_mult.elf.size"
   text	   data	    bss	    dec	    hex	filename
  79416	   2604	  23360	 105380	  19ba4	matrix_mult.elf
'Finished building: matrix_mult.elf.size'
' '

01:21:44 Build Finished (took 1s.411ms)

